###############################################################################
#
# IAR ELF Linker V7.80.4.12462/W32 for ARM                25/Apr/2017  13:20:12
# Copyright 2007-2017 IAR Systems AB.
#
#    Output file  =  
#        C:\Users\Anton\OneDrive\Programming\Weatherstation Test\Lab
#        3\Debug\Exe\Lab_3.out
#    Map file     =  
#        C:\Users\Anton\OneDrive\Programming\Weatherstation Test\Lab
#        3\Debug\List\Lab_3.map
#    Command line =  
#        "C:\Users\Anton\OneDrive\Programming\Weatherstation Test\Lab
#        3\Debug\Obj\cstartup.o"
#        "C:\Users\Anton\OneDrive\Programming\Weatherstation Test\Lab
#        3\Debug\Obj\exceptions.o"
#        "C:\Users\Anton\OneDrive\Programming\Weatherstation Test\Lab
#        3\Debug\Obj\main.o"
#        "C:\Users\Anton\OneDrive\Programming\Weatherstation Test\Lab
#        3\Debug\Obj\startup_sam3x.o"
#        "C:\Users\Anton\OneDrive\Programming\Weatherstation Test\Lab
#        3\Debug\Obj\system_sam3x.o" -o
#        "C:\Users\Anton\OneDrive\Programming\Weatherstation Test\Lab
#        3\Debug\Exe\Lab_3.out" --redirect _Printf=_PrintfFull --redirect
#        _Scanf=_ScanfFull --map
#        "C:\Users\Anton\OneDrive\Programming\Weatherstation Test\Lab
#        3\Debug\List\Lab_3.map" --config "C:\Program Files (x86)\IAR
#        Systems\Embedded Workbench
#        7.5\arm\config\linker\Atmel\sam3x8e\sram.icf" --semihosting --entry
#        __iar_program_start --vfe
#
###############################################################################

*******************************************************************************
*** RUNTIME MODEL ATTRIBUTES
***

CppFlavor       = *
__SystemLibrary = DLib


*******************************************************************************
*** PLACEMENT SUMMARY
***

"A0":  place at 0x20070000 { ro section .intvec };
"P1":  place in [from 0x20070000 to 0x20087fff] { ro };
"P2":  place in [from 0x20070000 to 0x20087fff] { rw, block CSTACK, block HEAP };
initialize by copy with packing = copy, complex ranges { rw };

  Section             Kind        Address    Size  Object
  -------             ----        -------    ----  ------
"A0":                                        0xf4
  .intvec                      0x20070000    0xf4  <Block>
    .intvec           const    0x20070000    0xf4  startup_sam3x.o [1]
                             - 0x200700f4    0xf4

"P1-P2", part 1 of 4:                      0x542c
  .text               ro code  0x200700f4  0x1706  main.o [1]
  .text               ro code  0x200717fa     0xa  xsprout.o [3]
  .text               ro code  0x20071804    0xe6  FltSub.o [4]
  .text               ro code  0x200718ea     0x2  exceptions.o [1]
  .text               ro code  0x200718ec    0xd8  FltMul.o [4]
  .text               ro code  0x200719c4    0x84  FltAdd.o [4]
  .text               ro code  0x20071a48    0x24  FltCmpGe.o [4]
  .text               ro code  0x20071a6c    0x44  FltToS32.o [4]
  .text               ro code  0x20071ab0    0x2e  I32ToFlt.o [4]
  .text               ro code  0x20071ae0    0xfc  FltDiv.o [4]
  .text               ro code  0x20071bdc    0x4e  FltToDbl.o [4]
  .text               ro code  0x20071c2c    0xe8  DblAdd.o [4]
  .text               ro code  0x20071d14   0x1a2  DblMul.o [4]
  .text               ro code  0x20071eb8    0x58  DblToI32.o [4]
  .text               ro code  0x20071f10    0x66  ABImemset.o [5]
  .text               ro code  0x20071f78    0x22  I64Shl.o [5]
  .text               ro code  0x20071f9c    0x1e  U64Shr.o [5]
  .text               ro code  0x20071fbc    0x36  strlen.o [5]
  .text               ro code  0x20071ff4    0xe0  rand.o [3]
  .text               ro code  0x200720d4     0xa  clock.o [6]
  .text               ro code  0x200720e0    0x34  sprintf.o [3]
  .text               ro code  0x20072114    0xb8  system_sam3x.o [1]
  .text               ro code  0x200721cc   0x180  DblSub.o [4]
  .text               ro code  0x2007234c     0x2  xtls.o [3]
  .text               ro code  0x20072350   0xdd2  xprintffull.o [3]
  .text               ro code  0x20073124    0x16  strchr.o [5]
  .text               ro code  0x2007313c    0x58  memchr.o [5]
  .text               ro code  0x20073194    0xee  I64DivMod.o [5]
  .text               ro code  0x20073284    0x76  ABImemcpy_unaligned.o [5]
  .text               ro code  0x200732fa    0x44  xdnorm.o [4]
  .text               ro code  0x20073340    0x2e  DblCmpLe.o [4]
  .text               ro code  0x20073370    0x2e  DblCmpGe.o [4]
  .text               ro code  0x200733a0   0x10c  xdscale.o [4]
  .text               ro code  0x200734ac    0x30  I32ToDbl.o [4]
  .text               ro code  0x200734dc   0x256  DblDiv.o [4]
  .text               ro code  0x20073732     0xe  div.o [3]
  .text               ro code  0x20073740     0x2  I64DivZer.o [5]
  .rodata             const    0x20073744   0x200  main.o [1]
  .rodata             const    0x20073944    0xc0  main.o [1]
  .rodata             const    0x20073a04    0x44  main.o [1]
  .rodata             const    0x20073a48    0x44  main.o [1]
  .rodata             const    0x20073a8c    0x44  main.o [1]
  .rodata             const    0x20073ad0    0x44  main.o [1]
  .rodata             const    0x20073b14    0x44  main.o [1]
  .rodata             const    0x20073b58    0x44  main.o [1]
  .rodata             const    0x20073b9c    0x44  main.o [1]
  .rodata             const    0x20073be0    0x44  main.o [1]
  .rodata             const    0x20073c24    0x44  main.o [1]
  .rodata             const    0x20073c68    0x44  main.o [1]
  .rodata             const    0x20073cac    0x44  main.o [1]
  .rodata             const    0x20073cf0    0x44  main.o [1]
  .rodata             const    0x20073d34    0x44  main.o [1]
  .rodata             const    0x20073d78    0x44  main.o [1]
  .rodata             const    0x20073dbc    0x44  main.o [1]
  .rodata             const    0x20073e00    0x44  main.o [1]
  .rodata             const    0x20073e44    0x44  main.o [1]
  .rodata             const    0x20073e88    0x44  main.o [1]
  .rodata             const    0x20073ecc    0x44  main.o [1]
  .rodata             const    0x20073f10    0x44  main.o [1]
  .rodata             const    0x20073f54    0x44  main.o [1]
  .rodata             const    0x20073f98    0x44  main.o [1]
  .rodata             const    0x20073fdc    0x44  main.o [1]
  .rodata             const    0x20074020    0x44  main.o [1]
  .rodata             const    0x20074064    0x44  main.o [1]
  .rodata             const    0x200740a8    0x44  main.o [1]
  .rodata             const    0x200740ec    0x44  main.o [1]
  .rodata             const    0x20074130    0x44  main.o [1]
  .rodata             const    0x20074174    0x44  main.o [1]
  .rodata             const    0x200741b8    0x44  main.o [1]
  .rodata             const    0x200741fc    0x44  main.o [1]
  .rodata             const    0x20074240    0x44  main.o [1]
  .rodata             const    0x20074284    0x44  main.o [1]
  .rodata             const    0x200742c8    0x44  main.o [1]
  .rodata             const    0x2007430c    0x44  main.o [1]
  .rodata             const    0x20074350    0x44  main.o [1]
  .rodata             const    0x20074394    0x44  main.o [1]
  .rodata             const    0x200743d8    0x44  main.o [1]
  .rodata             const    0x2007441c    0x44  main.o [1]
  .rodata             const    0x20074460    0x44  main.o [1]
  .rodata             const    0x200744a4    0x44  main.o [1]
  .rodata             const    0x200744e8    0x44  main.o [1]
  .rodata             const    0x2007452c    0x44  main.o [1]
  .rodata             const    0x20074570    0x44  main.o [1]
  .rodata             const    0x200745b4    0x44  main.o [1]
  .rodata             const    0x200745f8    0x44  main.o [1]
  .rodata             const    0x2007463c    0x44  main.o [1]
  .rodata             const    0x20074680    0x44  main.o [1]
  .rodata             const    0x200746c4    0x44  main.o [1]
  .rodata             const    0x20074708    0x44  main.o [1]
  .rodata             const    0x2007474c    0x44  main.o [1]
  .rodata             const    0x20074790    0x44  main.o [1]
  .rodata             const    0x200747d4    0x44  main.o [1]
  .rodata             const    0x20074818    0x44  main.o [1]
  .rodata             const    0x2007485c    0x44  main.o [1]
  .rodata             const    0x200748a0    0x44  main.o [1]
  .rodata             const    0x200748e4    0x44  main.o [1]
  .rodata             const    0x20074928    0x44  main.o [1]
  .rodata             const    0x2007496c    0x44  main.o [1]
  .rodata             const    0x200749b0    0x44  main.o [1]
  .rodata             const    0x200749f4    0x44  main.o [1]
  .rodata             const    0x20074a38    0x44  main.o [1]
  .rodata             const    0x20074a7c    0x44  main.o [1]
  .rodata             const    0x20074ac0    0x44  main.o [1]
  .rodata             const    0x20074b04    0x44  main.o [1]
  .rodata             const    0x20074b48    0x44  main.o [1]
  .rodata             const    0x20074b8c    0x44  main.o [1]
  .rodata             const    0x20074bd0    0x44  main.o [1]
  .rodata             const    0x20074c14    0x44  main.o [1]
  .rodata             const    0x20074c58    0x44  main.o [1]
  .rodata             const    0x20074c9c    0x44  main.o [1]
  .rodata             const    0x20074ce0    0x44  main.o [1]
  .rodata             const    0x20074d24    0x44  main.o [1]
  .rodata             const    0x20074d68    0x44  main.o [1]
  .rodata             const    0x20074dac    0x44  main.o [1]
  .rodata             const    0x20074df0    0x44  main.o [1]
  .rodata             const    0x20074e34    0x44  main.o [1]
  .rodata             const    0x20074e78    0x44  main.o [1]
  .rodata             const    0x20074ebc    0x44  main.o [1]
  .rodata             const    0x20074f00    0x44  main.o [1]
  .rodata             const    0x20074f44    0x44  main.o [1]
  .rodata             const    0x20074f88    0x44  main.o [1]
  .rodata             const    0x20074fcc    0x44  main.o [1]
  .rodata             const    0x20075010    0x44  main.o [1]
  .rodata             const    0x20075054    0x44  main.o [1]
  .rodata             const    0x20075098    0x44  main.o [1]
  .rodata             const    0x200750dc    0x44  main.o [1]
  .rodata             const    0x20075120    0x44  main.o [1]
  .rodata             const    0x20075164    0x44  main.o [1]
  .rodata             const    0x200751a8    0x44  main.o [1]
  .rodata             const    0x200751ec    0x44  main.o [1]
  .rodata             const    0x20075230    0x44  main.o [1]
  .rodata             const    0x20075274    0x44  main.o [1]
  .rodata             const    0x200752b8    0x44  main.o [1]
  .rodata             const    0x200752fc    0x44  main.o [1]
  .rodata             const    0x20075340    0x40  main.o [1]
  .text               ro code  0x20075380    0x40  zero_init3.o [5]
  .text               ro code  0x200753c0    0x34  startup_sam3x.o [1]
  .text               ro code  0x200753f4     0xc  cstartup.o [1]
  .text               ro code  0x20075400    0x1a  cmain.o [5]
  .text               ro code  0x2007541c    0x28  data_init.o [5]
  .text               ro code  0x20075444     0x4  exit.o [3]
  .text               ro code  0x20075448     0xa  cexit.o [5]
  .text               ro code  0x20075454    0x14  exit.o [6]
  .text               ro code  0x20075468    0x2c  copy_init3.o [5]
  .iar.init_table     const    0x20075494    0x24  - Linker created -
  .rodata             const    0x200754b8    0x10  main.o [1]
  .rodata             const    0x200754c8     0xc  main.o [1]
  .rodata             const    0x200754d4     0xc  main.o [1]
  .rodata             const    0x200754e0     0xc  main.o [1]
  .rodata             const    0x200754ec     0xc  main.o [1]
  .rodata             const    0x200754f8     0xc  main.o [1]
  .rodata             const    0x20075504     0xc  main.o [1]
  .rodata             const    0x20075510     0x4  main.o [1]
  .rodata             const    0x20075514     0x4  main.o [1]
  .rodata             const    0x20075518     0x4  main.o [1]
  .rodata             const    0x2007551c     0x4  main.o [1]
  .rodata             const    0x20075520     0x0  zero_init3.o [5]
  .rodata             const    0x20075520     0x0  copy_init3.o [5]
                             - 0x20075520  0x542c

"P1-P2", part 2 of 4:                      0x1000
  CSTACK                       0x20075520  0x1000  <Block>
    CSTACK            uninit   0x20075520  0x1000  <Block tail>
                             - 0x20076520  0x1000

"P1-P2", part 3 of 4:                       0x420
  P1-P2 s0                     0x20076520   0x210  <Init block>
    .data             inited   0x20076520   0x17c  main.o [1]
    __DLIB_PERTHREAD  inited   0x2007669c    0x8c  rand.o [3]
    .data             inited   0x20076728     0x4  main.o [1]
    .data             inited   0x2007672c     0x4  system_sam3x.o [1]
  Initializer bytes   const    0x20076730   0x210  <for P1-P2 s0>
                             - 0x20076940   0x420

"P1-P2", part 4 of 4:                      0x6d48
  .bss                zero     0x20076940  0x4ef0  main.o [1]
  .bss                zero     0x2007b830   0xf00  main.o [1]
  .bss                zero     0x2007c730   0xb4c  main.o [1]
  .bss                zero     0x2007d27c     0x4  main.o [1]
  .bss                zero     0x2007d280   0x400  main.o [1]
  .bss                zero     0x2007d680     0x4  main.o [1]
  .bss                zero     0x2007d684     0x2  main.o [1]
                             - 0x2007d686  0x6d46


*******************************************************************************
*** INIT TABLE
***

          Address     Size
          -------     ----
Zero (__iar_zero_init3)
    1 destination range, total size 0x6d46:
          0x20076940  0x6d46

Copy (__iar_copy_init3)
    1 source range, total size 0x210:
          0x20076730   0x210
    1 destination range, total size 0x210:
          0x20076520   0x210



*******************************************************************************
*** MODULE SUMMARY
***

    Module                 ro code  ro data  rw data
    ------                 -------  -------  -------
C:\Users\Anton\OneDrive\Programming\Weatherstation Test\Lab 3\Debug\Obj: [1]
    cstartup.o                  12
    exceptions.o                 2
    main.o                   5 894    7 716   28 358
    startup_sam3x.o             52      244
    system_sam3x.o             184        4        4
    ------------------------------------------------
    Total:                   6 144    7 964   28 362

command line: [2]
    ------------------------------------------------
    Total:

dl7M_tln.a: [3]
    div.o                       14
    exit.o                       4
    rand.o                     224      140      140
    sprintf.o                   52
    xprintffull.o            3 538
    xsprout.o                   10
    xtls.o                       2
    ------------------------------------------------
    Total:                   3 844      140      140

m7M_tl.a: [4]
    DblAdd.o                   232
    DblCmpGe.o                  46
    DblCmpLe.o                  46
    DblDiv.o                   598
    DblMul.o                   418
    DblSub.o                   384
    DblToI32.o                  88
    FltAdd.o                   132
    FltCmpGe.o                  36
    FltDiv.o                   252
    FltMul.o                   216
    FltSub.o                   230
    FltToDbl.o                  78
    FltToS32.o                  68
    I32ToDbl.o                  48
    I32ToFlt.o                  46
    xdnorm.o                    68
    xdscale.o                  268
    ------------------------------------------------
    Total:                   3 254

rt7M_tl.a: [5]
    ABImemcpy_unaligned.o      118
    ABImemset.o                102
    I64DivMod.o                238
    I64DivZer.o                  2
    I64Shl.o                    34
    U64Shr.o                    30
    cexit.o                     10
    cmain.o                     26
    copy_init3.o                44
    data_init.o                 40
    memchr.o                    88
    strchr.o                    22
    strlen.o                    54
    zero_init3.o                64
    ------------------------------------------------
    Total:                     872

shb_l.a: [6]
    clock.o                     10
    exit.o                      20
    ------------------------------------------------
    Total:                      30

    Gaps                        34        2
    Linker created                       36    4 096
----------------------------------------------------
    Grand Total:            14 178    8 142   32 598


*******************************************************************************
*** ENTRY LIST
***

Entry                      Address    Size  Type      Object
-----                      -------    ----  ----      ------
.iar.init_table$$Base   0x20075494           --   Gb  - Linker created -
.iar.init_table$$Limit  0x200754b8           --   Gb  - Linker created -
.intvec$$Base           0x20070000           --   Gb  - Linker created -
.intvec$$Limit          0x200700f4           --   Gb  - Linker created -
?main                   0x20075401          Code  Gb  cmain.o [5]
ADC_Handler             0x200718eb     0x2  Code  Wk  exceptions.o [1]
BusFault_Handler        0x200718eb     0x2  Code  Wk  exceptions.o [1]
CAN0_Handler            0x200718eb     0x2  Code  Wk  exceptions.o [1]
CAN1_Handler            0x200718eb     0x2  Code  Wk  exceptions.o [1]
CSTACK$$Base            0x20075520           --   Gb  - Linker created -
CSTACK$$Limit           0x20076520           --   Gb  - Linker created -
DACC_Handler            0x200718eb     0x2  Code  Wk  exceptions.o [1]
DMAC_Handler            0x200718eb     0x2  Code  Wk  exceptions.o [1]
DebugMon_Handler        0x200718eb     0x2  Code  Wk  exceptions.o [1]
Dummy_Handler           0x200718eb     0x2  Code  Gb  exceptions.o [1]
EFC0_Handler            0x200718eb     0x2  Code  Wk  exceptions.o [1]
EFC1_Handler            0x200718eb     0x2  Code  Wk  exceptions.o [1]
HSMCI_Handler           0x200718eb     0x2  Code  Wk  exceptions.o [1]
HardFault_Handler       0x200718eb     0x2  Code  Wk  exceptions.o [1]
LoadInt                 0x200728f7    0x6e  Code  Lc  xprintffull.o [3]
MemManage_Handler       0x200718eb     0x2  Code  Wk  exceptions.o [1]
NMI_Handler             0x200718eb     0x2  Code  Wk  exceptions.o [1]
NVIC_ClearPendingIRQ    0x2007010b    0x16  Code  Lc  main.o [1]
NVIC_EnableIRQ          0x200700f5    0x16  Code  Lc  main.o [1]
NVIC_SetPriority        0x20070121    0x26  Code  Lc  main.o [1]
PIOA_Handler            0x200718eb     0x2  Code  Wk  exceptions.o [1]
PIOB_Handler            0x200718eb     0x2  Code  Wk  exceptions.o [1]
PIOC_Handler            0x200718eb     0x2  Code  Wk  exceptions.o [1]
PIOD_Handler            0x200718eb     0x2  Code  Wk  exceptions.o [1]
PMC_Handler             0x200718eb     0x2  Code  Wk  exceptions.o [1]
PWM_Handler             0x200718eb     0x2  Code  Wk  exceptions.o [1]
PendSV_Handler          0x200718eb     0x2  Code  Wk  exceptions.o [1]
RSTC_Handler            0x200718eb     0x2  Code  Wk  exceptions.o [1]
RTC_Handler             0x200718eb     0x2  Code  Wk  exceptions.o [1]
RTT_Handler             0x200718eb     0x2  Code  Wk  exceptions.o [1]
Region$$Table$$Base     0x20075494           --   Gb  - Linker created -
Region$$Table$$Limit    0x200754b8           --   Gb  - Linker created -
Reset_Handler           0x200753ed     0x8  Code  Gb  startup_sam3x.o [1]
SPI0_Handler            0x200718eb     0x2  Code  Wk  exceptions.o [1]
SSC_Handler             0x200718eb     0x2  Code  Wk  exceptions.o [1]
SUPC_Handler            0x200718eb     0x2  Code  Wk  exceptions.o [1]
SVC_Handler             0x200718eb     0x2  Code  Wk  exceptions.o [1]
SysTick_Config          0x20070147    0x36  Code  Lc  main.o [1]
SysTick_Handler         0x200706c7    0x1e  Code  Gb  main.o [1]
SystemCoreClock         0x2007672c     0x4  Data  Gb  system_sam3x.o [1]
SystemInit              0x20072115    0x86  Code  Gb  system_sam3x.o [1]
TC0_Handler             0x200718eb     0x2  Code  Wk  exceptions.o [1]
TC1_Handler             0x200718eb     0x2  Code  Wk  exceptions.o [1]
TC2_Handler             0x200718eb     0x2  Code  Wk  exceptions.o [1]
TC3_Handler             0x200718eb     0x2  Code  Wk  exceptions.o [1]
TC4_Handler             0x200718eb     0x2  Code  Wk  exceptions.o [1]
TC5_Handler             0x200718eb     0x2  Code  Wk  exceptions.o [1]
TRNG_Handler            0x200718eb     0x2  Code  Wk  exceptions.o [1]
TWI0_Handler            0x200718eb     0x2  Code  Wk  exceptions.o [1]
TWI1_Handler            0x200718eb     0x2  Code  Wk  exceptions.o [1]
UART_Handler            0x200718eb     0x2  Code  Wk  exceptions.o [1]
UOTGHS_Handler          0x200718eb     0x2  Code  Wk  exceptions.o [1]
USART0_Handler          0x200718eb     0x2  Code  Wk  exceptions.o [1]
USART1_Handler          0x200718eb     0x2  Code  Wk  exceptions.o [1]
USART2_Handler          0x200718eb     0x2  Code  Wk  exceptions.o [1]
UsageFault_Handler      0x200718eb     0x2  Code  Wk  exceptions.o [1]
WDT_Handler             0x200718eb     0x2  Code  Wk  exceptions.o [1]
_GenldFull              0x20072e71   0x26a  Code  Lc  xprintffull.o [3]
_LdtobFull              0x20072a71   0x3fa  Code  Lc  xprintffull.o [3]
_LitobFull              0x20072965   0x10a  Code  Lc  xprintffull.o [3]
_PrintfFull             0x20072351   0x5a0  Code  Gb  xprintffull.o [3]
_PutcharsFull           0x200730db    0x2e  Code  Lc  xprintffull.o [3]
_Rand_idx               0x200766a4     0x4  Data  Lc  rand.o [3]
_Rand_rv                0x200766a8    0x80  Data  Lc  rand.o [3]
_Randinit               0x2007669c     0x1  Data  Gb  rand.o [3]
_Randseed               0x200766a0     0x4  Data  Gb  rand.o [3]
_SProut                 0x200717fb     0xa  Code  Gb  xsprout.o [3]
__aeabi_cdcmple         0x20073341          Code  Gb  DblCmpLe.o [4]
__aeabi_cdrcmple        0x20073371          Code  Gb  DblCmpGe.o [4]
__aeabi_cfrcmple        0x20071a49          Code  Gb  FltCmpGe.o [4]
__aeabi_d2iz            0x20071eb9          Code  Gb  DblToI32.o [4]
__aeabi_d2uiz           0x20071ee5          Code  Gb  DblToI32.o [4]
__aeabi_dadd            0x20071c2d          Code  Gb  DblAdd.o [4]
__aeabi_ddiv            0x200734dd          Code  Gb  DblDiv.o [4]
__aeabi_dmul            0x20071d15          Code  Gb  DblMul.o [4]
__aeabi_dsub            0x200721cd          Code  Gb  DblSub.o [4]
__aeabi_f2d             0x20071bdd          Code  Gb  FltToDbl.o [4]
__aeabi_f2iz            0x20071a6d          Code  Gb  FltToS32.o [4]
__aeabi_fadd            0x200719c5          Code  Gb  FltAdd.o [4]
__aeabi_fdiv            0x20071ae1          Code  Gb  FltDiv.o [4]
__aeabi_fmul            0x200718ed          Code  Gb  FltMul.o [4]
__aeabi_fsub            0x20071805          Code  Gb  FltSub.o [4]
__aeabi_i2d             0x200734ad          Code  Gb  I32ToDbl.o [4]
__aeabi_i2f             0x20071ab1          Code  Gb  I32ToFlt.o [4]
__aeabi_ldiv0           0x20073741          Code  Gb  I64DivZer.o [5]
__aeabi_llsl            0x20071f79          Code  Gb  I64Shl.o [5]
__aeabi_llsr            0x20071f9d          Code  Gb  U64Shr.o [5]
__aeabi_memset          0x20071f11          Code  Gb  ABImemset.o [5]
__aeabi_ui2d            0x200734c1          Code  Gb  I32ToDbl.o [4]
__aeabi_uldivmod        0x20073195          Code  Gb  I64DivMod.o [5]
__cmain                 0x20075401          Code  Gb  cmain.o [5]
__current_temp          0x2007d27c     0x4  Data  Lc  main.o [1]
__current_temp_compressed
                        0x2007d684     0x2  Data  Lc  main.o [1]
__exit                  0x20075455    0x14  Code  Gb  exit.o [6]
__framebuffer           0x2007b830   0xf00  Data  Gb  main.o [1]
__iar_Dnorm             0x200732fb    0x44  Code  Gb  xdnorm.o [4]
__iar_Dscale            0x200733a1   0x10c  Code  Gb  xdscale.o [4]
__iar_Memchr            0x2007313d          Code  Gb  memchr.o [5]
__iar_Memset            0x20071f11          Code  Gb  ABImemset.o [5]
__iar_Memset_word       0x20071f19          Code  Gb  ABImemset.o [5]
__iar_Strchr            0x20073125          Code  Gb  strchr.o [5]
__iar_copy_init3        0x20075469    0x2c  Code  Gb  copy_init3.o [5]
__iar_d2uiz             0x20071ef1          Code  Gb  DblToI32.o [4]
__iar_dadd              0x20071c41          Code  Gb  DblAdd.o [4]
__iar_data_init3        0x2007541d    0x28  Code  Gb  data_init.o [5]
__iar_dlib_perthread_access
                        0x2007234d     0x2  Code  Gb  xtls.o [3]
__iar_dsub              0x200721e1          Code  Gb  DblSub.o [4]
__iar_dsubStart         0x200721f3          Code  Gb  DblSub.o [4]
__iar_fadd              0x200719d5          Code  Gb  FltAdd.o [4]
__iar_fsub              0x20071815          Code  Gb  FltSub.o [4]
__iar_fsubStart         0x20071825          Code  Gb  FltSub.o [4]
__iar_program_start     0x200753f5          Code  Gb  cstartup.o [1]
__iar_ui2d              0x200734c5          Code  Gb  I32ToDbl.o [4]
__iar_ui2f              0x20071ac5          Code  Gb  I32ToFlt.o [4]
__iar_unaligned___aeabi_memcpy
                        0x20073285          Code  Gb  ABImemcpy_unaligned.o [5]
__iar_unaligned___aeabi_memcpy4
                        0x200732a5          Code  Gb  ABImemcpy_unaligned.o [5]
__iar_unaligned___aeabi_memcpy8
                        0x200732a5          Code  Gb  ABImemcpy_unaligned.o [5]
__iar_zero_init3        0x20075381    0x40  Code  Gb  zero_init3.o [5]
__low_level_init        0x200753c1    0x24  Code  Gb  startup_sam3x.o [1]
__readRow               0x20070739     0xc  Code  Lc  main.o [1]
__setColunm             0x20070745    0x1a  Code  Lc  main.o [1]
__set_current_temp      0x2007065b    0x2e  Code  Lc  main.o [1]
__systick_counter       0x2007d680     0x4  Data  Gb  main.o [1]
__temp_start_time       0x20076728     0x4  Data  Lc  main.o [1]
__vector_table          0x20070000    0xf4  Data  Gb  startup_sam3x.o [1]
_call_main              0x2007540d          Code  Gb  cmain.o [5]
_exit                   0x20075449          Code  Gb  cexit.o [5]
_main                   0x20075417          Code  Gb  cmain.o [5]
ascii_temp              0x20076520   0x17c  Data  Gb  main.o [1]
bitascii                0x2007d280   0x400  Data  Lc  main.o [1]
cfloor                  0x200701ff    0x22  Code  Lc  main.o [1]
clock                   0x200720d5     0xa  Code  Gb  clock.o [6]
delay                   0x20070591     0xe  Code  Lc  main.o [1]
display_clear           0x20070a0d     0xc  Code  Lc  main.o [1]
display_pixel_clear     0x200709d9    0x34  Code  Lc  main.o [1]
display_read_status     0x200707d7    0x78  Code  Lc  main.o [1]
display_set_cursor      0x20070967    0x22  Code  Lc  main.o [1]
display_set_pixel_cursor
                        0x20070989    0x24  Code  Lc  main.o [1]
display_text_clear      0x200709ad    0x2c  Code  Lc  main.o [1]
display_write_command   0x2007084f    0x8c  Code  Lc  main.o [1]
display_write_data      0x200708db    0x8c  Code  Lc  main.o [1]
div                     0x20073733     0xe  Code  Gb  div.o [3]
elapsedTime             0x2007113d     0xe  Code  Lc  main.o [1]
exit                    0x20075445     0x4  Code  Gb  exit.o [3]
framebufferClear        0x20070d9d    0x2a  Code  Lc  main.o [1]
framebufferClearSnake   0x20070c2f    0x9e  Code  Lc  main.o [1]
framebufferDisplay      0x20070dcd    0x38  Code  Lc  main.o [1]
framebufferDrawApple    0x20070ccd    0x9e  Code  Lc  main.o [1]
framebufferDrawRect     0x20070d71    0x2c  Code  Lc  main.o [1]
framebufferDrawSnake    0x20070b91    0x9e  Code  Lc  main.o [1]
framebufferSetPixel     0x20070b53    0x3e  Code  Lc  main.o [1]
initBitmaps             0x20070e0d    0x6a  Code  Lc  main.o [1]
initDisplay             0x20070a19    0x92  Code  Gb  main.o [1]
initKeypad              0x20070701    0x38  Code  Lc  main.o [1]
initLightSensor         0x20070b2f    0x24  Code  Lc  main.o [1]
initServo               0x20070ae5    0x4a  Code  Lc  main.o [1]
initSnakeState          0x200710c7    0x76  Code  Lc  main.o [1]
initSystick             0x200706e5    0x14  Code  Lc  main.o [1]
initTemp                0x2007059f    0x5a  Code  Lc  main.o [1]
keypadRead              0x2007075f    0x78  Code  Lc  main.o [1]
main                    0x200717cd    0x2e  Code  Gb  main.o [1]
mainMenu                0x200715f5   0x160  Code  Lc  main.o [1]
memchr                  0x2007313d          Code  Gb  memchr.o [5]
menu                    0x200754b8    0x10  Data  Lc  main.o [1]
menuSize                0x2007551c     0x4  Data  Lc  main.o [1]
perlinNoise             0x20070221   0x36e  Code  Lc  main.o [1]
perlinNoise::x_wrap     0x20075510     0x4  Data  Lc  main.o [1]
perlinNoise::y_wrap     0x20075514     0x4  Data  Lc  main.o [1]
perlinNoise::z_wrap     0x20075518     0x4  Data  Lc  main.o [1]
rand                    0x20071ff5    0xe0  Code  Gb  rand.o [3]
randomTempArray         0x200715bd    0x34  Code  Lc  main.o [1]
renderAscii             0x20070e91    0xe6  Code  Lc  main.o [1]
renderAsciiString       0x20070ffd    0x52  Code  Lc  main.o [1]
renderStringBox         0x2007104f    0x78  Code  Lc  main.o [1]
resetTimer              0x2007114b     0xc  Code  Lc  main.o [1]
runSnakeGame            0x20071157   0x42a  Code  Gb  main.o [1]
runSnakeGame::snake     0x2007c730   0xb4c  Data  Lc  main.o [1]
servoTurn               0x20070aab    0x3a  Code  Gb  main.o [1]
sprintf                 0x200720e1    0x34  Code  Gb  sprintf.o [3]
stb__perlin_grad        0x20070199    0x66  Code  Lc  main.o [1]
stb__perlin_grad::basis
                        0x20073944    0xc0  Data  Lc  main.o [1]
stb__perlin_grad::indices
                        0x20075340    0x40  Data  Lc  main.o [1]
stb__perlin_lerp        0x2007017d    0x1c  Code  Lc  main.o [1]
stb__perlin_randtab     0x20073744   0x200  Data  Lc  main.o [1]
strchr                  0x20073125          Code  Gb  strchr.o [5]
strlen                  0x20071fbd          Code  Gb  strlen.o [5]
systickGetTime          0x200706f9     0x8  Code  Lc  main.o [1]
temp                    0x20076940  0x4ef0  Data  Lc  main.o [1]
tempConvert             0x20070643    0x18  Code  Lc  main.o [1]
tempGetCurrent          0x200706bf     0x8  Code  Lc  main.o [1]
tempNoise               0x20071591    0x2c  Code  Lc  main.o [1]
tempReady               0x20070689    0x36  Code  Lc  main.o [1]
tempStartMesurment      0x200705f9    0x4a  Code  Lc  main.o [1]


[1] = C:\Users\Anton\OneDrive\Programming\Weatherstation Test\Lab 3\Debug\Obj
[2] = command line
[3] = dl7M_tln.a
[4] = m7M_tl.a
[5] = rt7M_tl.a
[6] = shb_l.a

  14 178 bytes of readonly  code memory
   8 142 bytes of readonly  data memory
  32 598 bytes of readwrite data memory

Errors: none
Warnings: none
