###############################################################################
#
# IAR ELF Linker V8.30.1.114/W32 for ARM                  04/Dec/2018  14:44:19
# Copyright 2007-2018 IAR Systems AB.
#
#    Output file  =  
#        C:\Users\Anton\Documents\GitHub\DS1\Lab 3\Debug\Exe\Lab_3.out
#    Map file     =  
#        C:\Users\Anton\Documents\GitHub\DS1\Lab 3\Debug\List\Lab_3.map
#    Command line =  
#        -f C:\Users\Anton\AppData\Local\Temp\EW7F4E.tmp
#        ("C:\Users\Anton\Documents\GitHub\DS1\Lab 3\Debug\Obj\cstartup.o"
#        "C:\Users\Anton\Documents\GitHub\DS1\Lab 3\Debug\Obj\exceptions.o"
#        "C:\Users\Anton\Documents\GitHub\DS1\Lab 3\Debug\Obj\main.o"
#        "C:\Users\Anton\Documents\GitHub\DS1\Lab 3\Debug\Obj\startup_sam3x.o"
#        "C:\Users\Anton\Documents\GitHub\DS1\Lab 3\Debug\Obj\system_sam3x.o"
#        --no_out_extension -o "C:\Users\Anton\Documents\GitHub\DS1\Lab
#        3\Debug\Exe\Lab_3.out" --redirect _Printf=_PrintfFullNoMb --redirect
#        _Scanf=_ScanfFullNoMb --map "C:\Users\Anton\Documents\GitHub\DS1\Lab
#        3\Debug\List\Lab_3.map" --config "D:\IAR Systems\Embedded Workbench
#        8.1\arm\config\linker\Microchip\sam3x8e\sram.icf" --semihosting
#        --entry __iar_program_start --vfe --text_out locale)
#
###############################################################################

*******************************************************************************
*** MESSAGES
***

Warning[Lt009]: Inconsistent wchar_t size
            exceptions.o has wchar_t size 16 bits
            main.o and 29 other objects, some of them in shb_l.a and 21 other
                      libraries have wchar_t size 32 bits


*******************************************************************************
*** RUNTIME MODEL ATTRIBUTES
***

CppFlavor       = *
__SystemLibrary = DLib
__dlib_version  = 6


*******************************************************************************
*** HEAP SELECTION
***

The basic heap was selected because some modules are built with
size limitations (and not runtime checking), and --advanced_heap
was not specified.


*******************************************************************************
*** PLACEMENT SUMMARY
***

"A0":  place at 0x2007'0000 { ro section .intvec };
"P1":  place in [from 0x2007'0000 to 0x2008'7fff] { ro };
define block CSTACK with size = 4K, alignment = 8 { };
define block HEAP with size = 8K, alignment = 8 { };
"P2":  place in [from 0x2007'0000 to 0x2008'7fff] {
          rw, block CSTACK, block HEAP };
initialize by copy with packing = copy, complex ranges { rw };

  Section            Kind         Address    Size  Object
  -------            ----         -------    ----  ------
"A0":                                        0xf4
  .intvec                     0x2007'0000    0xf4  <Block>
    .intvec          const    0x2007'0000    0xf4  startup_sam3x.o [1]
                            - 0x2007'00f4    0xf4

"P1-P2", part 1 of 3:                      0x45e4
  .text              ro code  0x2007'00f4  0x1992  main.o [1]
  .text              ro code  0x2007'1a86    0x3a  zero_init3.o [4]
  .text              ro code  0x2007'1ac0    0x80  FltSub.o [3]
  .text              ro code  0x2007'1b40    0xd8  FltMul.o [3]
  .text              ro code  0x2007'1c18    0xe2  FltAdd.o [3]
  .text              ro code  0x2007'1cfa     0xa  xsprout.o [2]
  .text              ro code  0x2007'1d04    0x24  FltCmpGe.o [3]
  .text              ro code  0x2007'1d28    0x2a  FltToS32.o [3]
  .text              ro code  0x2007'1d52     0x2  exceptions.o [1]
  .text              ro code  0x2007'1d54    0x24  S32ToFlt.o [3]
  .text              ro code  0x2007'1d78    0xfc  FltDiv.o [3]
  .text              ro code  0x2007'1e74    0x48  FltToDbl.o [3]
  .text              ro code  0x2007'1ebc   0x17a  DblAdd.o [3]
  .text              ro code  0x2007'2038   0x1a2  DblMul.o [3]
  .text              ro code  0x2007'21dc    0x3a  DblToS32.o [3]
  .text              ro code  0x2007'2218    0x66  ABImemset.o [4]
  .text              ro code  0x2007'2280    0x1e  U64Shr.o [4]
  .text              ro code  0x2007'22a0    0x40  sprintf.o [2]
  .text              ro code  0x2007'22e0    0x36  strlen.o [4]
  .text              ro code  0x2007'2318    0xa4  rand.o [2]
  .text              ro code  0x2007'23bc     0xa  clock.o [5]
  .text              ro code  0x2007'23c8    0x24  fminf.o [3]
  .text              ro code  0x2007'23ec    0x24  fmaxf.o [3]
  .text              ro code  0x2007'2410    0x28  printf.o [2]
  .text              ro code  0x2007'2438    0x24  FltCmpLe.o [3]
  .text              ro code  0x2007'245c    0xa0  system_sam3x.o [1]
  .text              ro code  0x2007'24fc    0xe2  DblSub.o [3]
  .text              ro code  0x2007'25e0   0xe26  xprintffull_nomb.o [2]
  .text              ro code  0x2007'3408    0x16  strchr.o [4]
  .text              ro code  0x2007'3420    0x40  xfail_s.o [2]
  .text              ro code  0x2007'3460    0x58  memchr.o [4]
  .text              ro code  0x2007'34b8   0x230  I64DivMod.o [4]
  .text              ro code  0x2007'36e8    0xa6  ABImemcpy.o [4]
  .text              ro code  0x2007'3790    0x70  frexp.o [3]
  .text              ro code  0x2007'3800    0x2e  DblCmpLe.o [3]
  .text              ro code  0x2007'3830    0x2e  DblCmpGe.o [3]
  .text              ro code  0x2007'3860   0x13a  ldexp.o [3]
  .text              ro code  0x2007'399c    0x22  S32ToDbl.o [3]
  .text              ro code  0x2007'39c0   0x246  DblDiv.o [3]
  .text              ro code  0x2007'3c08    0x28  DblToU32.o [3]
  .text              ro code  0x2007'3c30    0x1a  U32ToDbl.o [3]
  .text              ro code  0x2007'3c4a     0x6  abort.o [2]
  .text              ro code  0x2007'3c50     0x2  I64DivZer.o [4]
  .text              ro code  0x2007'3c54    0x14  exit.o [5]
  .text              ro code  0x2007'3c68    0x80  iarttio.o [5]
  .text              ro code  0x2007'3ce8    0x3c  XShttio.o [2]
  .rodata            const    0x2007'3d28   0x400  main.o [1]
  .rodata            const    0x2007'4128   0x200  main.o [1]
  .rodata            const    0x2007'4328    0xc0  main.o [1]
  .rodata            const    0x2007'43e8    0x40  main.o [1]
  .rodata            const    0x2007'4428    0x38  main.o [1]
  .text              ro code  0x2007'4460    0x30  startup_sam3x.o [1]
  .text              ro code  0x2007'4490     0xc  cstartup.o [1]
  .text              ro code  0x2007'449c    0x1e  cmain.o [4]
  .text              ro code  0x2007'44bc    0x28  data_init.o [4]
  .text              ro code  0x2007'44e4     0x4  exit.o [2]
  .text              ro code  0x2007'44e8     0xa  cexit.o [4]
  .text              ro code  0x2007'44f2    0x2c  copy_init3.o [4]
  .text              ro code  0x2007'451e    0x22  iarwrite.o [5]
  .iar.init_table    const    0x2007'4540    0x24  - Linker created -
  .text              ro code  0x2007'4564    0x20  putchar.o [2]
  .text              ro code  0x2007'4584    0x10  write.o [5]
  .text              ro code  0x2007'4594    0x1e  dwrite.o [5]
  .text              ro code  0x2007'45b2    0x20  iarwstd.o [5]
  .text              ro code  0x2007'45d2    0x16  xprout.o [2]
  .rodata            const    0x2007'45e8    0x10  main.o [1]
  .rodata            const    0x2007'45f8    0x10  main.o [1]
  .rodata            const    0x2007'4608    0x10  main.o [1]
  .rodata            const    0x2007'4618     0xc  main.o [1]
  .rodata            const    0x2007'4624     0xc  main.o [1]
  .rodata            const    0x2007'4630     0xc  main.o [1]
  .rodata            const    0x2007'463c     0xc  main.o [1]
  .rodata            const    0x2007'4648     0xc  main.o [1]
  .rodata            const    0x2007'4654     0xc  main.o [1]
  .rodata            const    0x2007'4660     0xc  main.o [1]
  .rodata            const    0x2007'466c     0xc  main.o [1]
  .rodata            const    0x2007'4678     0xc  main.o [1]
  .rodata            const    0x2007'4684     0xc  main.o [1]
  .rodata            const    0x2007'4690     0x8  main.o [1]
  .rodata            const    0x2007'4698     0x4  main.o [1]
  .rodata            const    0x2007'469c     0x4  main.o [1]
  .rodata            const    0x2007'46a0     0x4  main.o [1]
  .rodata            const    0x2007'46a4     0x4  main.o [1]
  .rodata            const    0x2007'46a8     0x0  zero_init3.o [4]
  .rodata            const    0x2007'46a8     0x0  copy_init3.o [4]
  P1-P2 s0                    0x2007'46a8    0x18  <Init block>
    .data            inited   0x2007'46a8     0x8  rand.o [2]
    .data            inited   0x2007'46b0     0x8  XShttio.o [2]
    .data            inited   0x2007'46b8     0x4  main.o [1]
    .data            inited   0x2007'46bc     0x4  system_sam3x.o [1]
  Initializer bytes  const    0x2007'46c0    0x18  <for P1-P2 s0>
                            - 0x2007'46d8  0x45e4

"P1-P2", part 2 of 3:                      0x78d0
  .bss               zero     0x2007'46d8  0x4ec4  main.o [1]
  .bss               zero     0x2007'959c  0x1e00  main.o [1]
  .bss               zero     0x2007'b39c   0xb4c  main.o [1]
  .bss               zero     0x2007'bee8    0x84  rand.o [2]
  .bss               zero     0x2007'bf6c    0x20  main.o [1]
  .bss               zero     0x2007'bf8c     0x4  main.o [1]
  .bss               zero     0x2007'bf90     0x4  main.o [1]
  .bss               zero     0x2007'bf94     0x4  main.o [1]
  .bss               zero     0x2007'bf98     0x4  main.o [1]
  .bss               zero     0x2007'bf9c     0x4  main.o [1]
  .bss               zero     0x2007'bfa0     0x4  xfail_s.o [2]
  .bss               zero     0x2007'bfa4     0x2  main.o [1]
  .bss               zero     0x2007'bfa6     0x1  XShttio.o [2]
                            - 0x2007'bfa7  0x78cf

"P1-P2", part 3 of 3:                      0x1000
  CSTACK                      0x2007'bfa8  0x1000  <Block>
    CSTACK           uninit   0x2007'bfa8  0x1000  <Block tail>
                            - 0x2007'cfa8  0x1000

Unused ranges:

         From           To    Size
         ----           --    ----
  0x2007'cfa8  0x2008'7fff  0xb058


*******************************************************************************
*** INIT TABLE
***

          Address      Size
          -------      ----
Zero (__iar_zero_init3)
    1 destination range, total size 0x78cf:
          0x2007'46d8  0x78cf

Copy (__iar_copy_init3)
    1 source range, total size 0x18:
          0x2007'46c0    0x18
    1 destination range, total size 0x18:
          0x2007'46a8    0x18



*******************************************************************************
*** MODULE SUMMARY
***

    Module              ro code  ro data  rw data
    ------              -------  -------  -------
command line/config:
    ---------------------------------------------
    Total:

C:\Users\Anton\Documents\GitHub\DS1\Lab 3\Debug\Obj: [1]
    cstartup.o               12
    exceptions.o              2
    main.o                6 546    2 044   30 794
    startup_sam3x.o          48      244
    system_sam3x.o          160        4        4
    ---------------------------------------------
    Total:                6 768    2 292   30 798

dl7M_tln.a: [2]
    XShttio.o                60        8        9
    abort.o                   6
    exit.o                    4
    printf.o                 40
    putchar.o                32
    rand.o                  164        8      140
    sprintf.o                64
    xfail_s.o                64                 4
    xprintffull_nomb.o    3 622
    xprout.o                 22
    xsprout.o                10
    ---------------------------------------------
    Total:                4 088       16      153

m7M_tl.a: [3]
    DblAdd.o                378
    DblCmpGe.o               46
    DblCmpLe.o               46
    DblDiv.o                582
    DblMul.o                418
    DblSub.o                226
    DblToS32.o               58
    DblToU32.o               40
    FltAdd.o                226
    FltCmpGe.o               36
    FltCmpLe.o               36
    FltDiv.o                252
    FltMul.o                216
    FltSub.o                128
    FltToDbl.o               72
    FltToS32.o               42
    S32ToDbl.o               34
    S32ToFlt.o               36
    U32ToDbl.o               26
    fmaxf.o                  36
    fminf.o                  36
    frexp.o                 112
    ldexp.o                 314
    ---------------------------------------------
    Total:                3 396

rt7M_tl.a: [4]
    ABImemcpy.o             166
    ABImemset.o             102
    I64DivMod.o             560
    I64DivZer.o               2
    U64Shr.o                 30
    cexit.o                  10
    cmain.o                  30
    copy_init3.o             44
    data_init.o              40
    memchr.o                 88
    strchr.o                 22
    strlen.o                 54
    zero_init3.o             58
    ---------------------------------------------
    Total:                1 206

shb_l.a: [5]
    clock.o                  10
    dwrite.o                 30
    exit.o                   20
    iarttio.o               128
    iarwrite.o               34
    iarwstd.o                32
    write.o                  16
    ---------------------------------------------
    Total:                  270

    Gaps                     36        4
    Linker created                    36    4 096
-------------------------------------------------
    Grand Total:         15 764    2 348   35 047


*******************************************************************************
*** ENTRY LIST
***

Entry                       Address    Size  Type      Object
-----                       -------    ----  ----      ------
.iar.init_table$$Base   0x2007'4540           --   Gb  - Linker created -
.iar.init_table$$Limit  0x2007'4564           --   Gb  - Linker created -
.intvec$$Base           0x2007'0000           --   Gb  - Linker created -
.intvec$$Limit          0x2007'00f4           --   Gb  - Linker created -
?main                   0x2007'449d          Code  Gb  cmain.o [4]
ADC_Handler             0x2007'1d53     0x2  Code  Wk  exceptions.o [1]
BusFault_Handler        0x2007'1d53     0x2  Code  Wk  exceptions.o [1]
CAN0_Handler            0x2007'1d53     0x2  Code  Wk  exceptions.o [1]
CAN1_Handler            0x2007'1d53     0x2  Code  Wk  exceptions.o [1]
CSTACK$$Base            0x2007'bfa8           --   Gb  - Linker created -
CSTACK$$Limit           0x2007'cfa8           --   Gb  - Linker created -
DACC_Handler            0x2007'1d53     0x2  Code  Wk  exceptions.o [1]
DMAC_Handler            0x2007'1d53     0x2  Code  Wk  exceptions.o [1]
DebugMon_Handler        0x2007'1d53     0x2  Code  Wk  exceptions.o [1]
Dummy_Handler           0x2007'1d53     0x2  Code  Gb  exceptions.o [1]
EFC0_Handler            0x2007'1d53     0x2  Code  Wk  exceptions.o [1]
EFC1_Handler            0x2007'1d53     0x2  Code  Wk  exceptions.o [1]
HSMCI_Handler           0x2007'1d53     0x2  Code  Wk  exceptions.o [1]
HardFault_Handler       0x2007'1d53     0x2  Code  Wk  exceptions.o [1]
LoadInt                 0x2007'278f    0x7a  Code  Lc  xprintffull_nomb.o [2]
MemManage_Handler       0x2007'1d53     0x2  Code  Wk  exceptions.o [1]
NMI_Handler             0x2007'1d53     0x2  Code  Wk  exceptions.o [1]
NVIC_ClearPendingIRQ    0x2007'010b    0x16  Code  Lc  main.o [1]
NVIC_EnableIRQ          0x2007'00f5    0x16  Code  Lc  main.o [1]
NVIC_SetPriority        0x2007'0121    0x28  Code  Lc  main.o [1]
PIOA_Handler            0x2007'1d53     0x2  Code  Wk  exceptions.o [1]
PIOB_Handler            0x2007'1d53     0x2  Code  Wk  exceptions.o [1]
PIOC_Handler            0x2007'1d53     0x2  Code  Wk  exceptions.o [1]
PIOD_Handler            0x2007'1d53     0x2  Code  Wk  exceptions.o [1]
PMC_Handler             0x2007'1d53     0x2  Code  Wk  exceptions.o [1]
PWM_Handler             0x2007'1d53     0x2  Code  Wk  exceptions.o [1]
PendSV_Handler          0x2007'1d53     0x2  Code  Wk  exceptions.o [1]
RSTC_Handler            0x2007'1d53     0x2  Code  Wk  exceptions.o [1]
RTC_Handler             0x2007'1d53     0x2  Code  Wk  exceptions.o [1]
RTT_Handler             0x2007'1d53     0x2  Code  Wk  exceptions.o [1]
Region$$Table$$Base     0x2007'4540           --   Gb  - Linker created -
Region$$Table$$Limit    0x2007'4564           --   Gb  - Linker created -
Reset_Handler           0x2007'4489     0x8  Code  Gb  startup_sam3x.o [1]
SPI0_Handler            0x2007'1d53     0x2  Code  Wk  exceptions.o [1]
SSC_Handler             0x2007'1d53     0x2  Code  Wk  exceptions.o [1]
SUPC_Handler            0x2007'1d53     0x2  Code  Wk  exceptions.o [1]
SVC_Handler             0x2007'1d53     0x2  Code  Wk  exceptions.o [1]
SysTick_Config          0x2007'0149    0x36  Code  Lc  main.o [1]
SysTick_Handler         0x2007'0553    0x28  Code  Gb  main.o [1]
SystemCoreClock         0x2007'46bc     0x4  Data  Gb  system_sam3x.o [1]
SystemInit              0x2007'245d    0x70  Code  Gb  system_sam3x.o [1]
TC0_Handler             0x2007'1d53     0x2  Code  Wk  exceptions.o [1]
TC1_Handler             0x2007'1d53     0x2  Code  Wk  exceptions.o [1]
TC2_Handler             0x2007'1d53     0x2  Code  Wk  exceptions.o [1]
TC3_Handler             0x2007'1d53     0x2  Code  Wk  exceptions.o [1]
TC4_Handler             0x2007'1d53     0x2  Code  Wk  exceptions.o [1]
TC5_Handler             0x2007'1d53     0x2  Code  Wk  exceptions.o [1]
TRNG_Handler            0x2007'1d53     0x2  Code  Wk  exceptions.o [1]
TWI0_Handler            0x2007'1d53     0x2  Code  Wk  exceptions.o [1]
TWI1_Handler            0x2007'1d53     0x2  Code  Wk  exceptions.o [1]
UART_Handler            0x2007'1d53     0x2  Code  Wk  exceptions.o [1]
UOTGHS_Handler          0x2007'1d53     0x2  Code  Wk  exceptions.o [1]
USART0_Handler          0x2007'1d53     0x2  Code  Wk  exceptions.o [1]
USART1_Handler          0x2007'1d53     0x2  Code  Wk  exceptions.o [1]
USART2_Handler          0x2007'1d53     0x2  Code  Wk  exceptions.o [1]
UsageFault_Handler      0x2007'1d53     0x2  Code  Wk  exceptions.o [1]
WDT_Handler             0x2007'1d53     0x2  Code  Wk  exceptions.o [1]
_GenldFullNoMb          0x2007'3105   0x274  Code  Lc  xprintffull_nomb.o [2]
_LdtobFullNoMb          0x2007'2cd9   0x400  Code  Lc  xprintffull_nomb.o [2]
_LitobFullNoMb          0x2007'2b81   0x112  Code  Lc  xprintffull_nomb.o [2]
_PrintfFullNoMb         0x2007'25e1   0x19e  Code  Gb  xprintffull_nomb.o [2]
_Prout                  0x2007'45d3    0x16  Code  Gb  xprout.o [2]
_PutcharsFullNoMb       0x2007'3379    0x2e  Code  Lc  xprintffull_nomb.o [2]
_PutfldFullNoMb         0x2007'2809   0x26c  Code  Lc  xprintffull_nomb.o [2]
_PuttxtFullNoMb         0x2007'2a75   0x10c  Code  Lc  xprintffull_nomb.o [2]
_Rand_idx               0x2007'bf68     0x4  Data  Lc  rand.o [2]
_Rand_rv                0x2007'bee8    0x80  Data  Lc  rand.o [2]
_Randinit               0x2007'46a8     0x1  Data  Gb  rand.o [2]
_Randseed               0x2007'46ac     0x4  Data  Gb  rand.o [2]
_SProut                 0x2007'1cfb     0xa  Code  Gb  xsprout.o [2]
__aeabi_cdcmple         0x2007'3801          Code  Gb  DblCmpLe.o [3]
__aeabi_cdrcmple        0x2007'3831          Code  Gb  DblCmpGe.o [3]
__aeabi_cfcmple         0x2007'2439          Code  Gb  FltCmpLe.o [3]
__aeabi_cfrcmple        0x2007'1d05          Code  Gb  FltCmpGe.o [3]
__aeabi_d2iz            0x2007'21dd          Code  Gb  DblToS32.o [3]
__aeabi_d2uiz           0x2007'3c09          Code  Gb  DblToU32.o [3]
__aeabi_dadd            0x2007'1ebd          Code  Gb  DblAdd.o [3]
__aeabi_ddiv            0x2007'39c1          Code  Gb  DblDiv.o [3]
__aeabi_dmul            0x2007'2039          Code  Gb  DblMul.o [3]
__aeabi_dsub            0x2007'24fd          Code  Gb  DblSub.o [3]
__aeabi_f2d             0x2007'1e75          Code  Gb  FltToDbl.o [3]
__aeabi_f2iz            0x2007'1d29          Code  Gb  FltToS32.o [3]
__aeabi_fadd            0x2007'1c19          Code  Gb  FltAdd.o [3]
__aeabi_fdiv            0x2007'1d79          Code  Gb  FltDiv.o [3]
__aeabi_fmul            0x2007'1b41          Code  Gb  FltMul.o [3]
__aeabi_fsub            0x2007'1ac1          Code  Gb  FltSub.o [3]
__aeabi_i2d             0x2007'399d          Code  Gb  S32ToDbl.o [3]
__aeabi_i2f             0x2007'1d55          Code  Gb  S32ToFlt.o [3]
__aeabi_ldiv0           0x2007'3c51          Code  Gb  I64DivZer.o [4]
__aeabi_llsr            0x2007'2281          Code  Gb  U64Shr.o [4]
__aeabi_memcpy          0x2007'36e9          Code  Gb  ABImemcpy.o [4]
__aeabi_memcpy4         0x2007'3709          Code  Gb  ABImemcpy.o [4]
__aeabi_memcpy8         0x2007'3709          Code  Gb  ABImemcpy.o [4]
__aeabi_memset          0x2007'2219          Code  Gb  ABImemset.o [4]
__aeabi_ui2d            0x2007'3c31          Code  Gb  U32ToDbl.o [3]
__aeabi_uldivmod        0x2007'34b9          Code  Gb  I64DivMod.o [4]
__cfb                   0x2007'bf98     0x4  Data  Gb  main.o [1]
__cmain                 0x2007'449d          Code  Gb  cmain.o [4]
__current_temp          0x2007'bf94     0x4  Data  Lc  main.o [1]
__current_temp_compressed
                        0x2007'bfa4     0x2  Data  Lc  main.o [1]
__dwrite                0x2007'4595    0x1e  Code  Gb  dwrite.o [5]
__exit                  0x2007'3c55    0x14  Code  Gb  exit.o [5]
__framebuffer           0x2007'959c  0x1e00  Data  Gb  main.o [1]
__iar_Fail_s            0x2007'3421    0x1c  Code  Gb  xfail_s.o [2]
__iar_Memchr            0x2007'3461          Code  Gb  memchr.o [4]
__iar_Memset            0x2007'2219          Code  Gb  ABImemset.o [4]
__iar_Memset_word       0x2007'2221          Code  Gb  ABImemset.o [4]
__iar_Strchr            0x2007'3409          Code  Gb  strchr.o [4]
__iar_close_ttio        0x2007'3c69    0x2e  Code  Gb  iarttio.o [5]
__iar_copy_init3        0x2007'44f3    0x2c  Code  Gb  copy_init3.o [4]
__iar_dadd              0x2007'250d          Code  Gb  DblSub.o [3]
__iar_data_init3        0x2007'44bd    0x28  Code  Gb  data_init.o [4]
__iar_dsub              0x2007'1ecd          Code  Gb  DblAdd.o [3]
__iar_dsubStart         0x2007'1edf          Code  Gb  DblAdd.o [3]
__iar_fadd              0x2007'1acd          Code  Gb  FltSub.o [3]
__iar_fmax32            0x2007'23ed          Code  Gb  fmaxf.o [3]
__iar_fmin32            0x2007'23c9          Code  Gb  fminf.o [3]
__iar_frexp             0x2007'379d          Code  Gb  frexp.o [3]
__iar_frexp64           0x2007'3791          Code  Gb  frexp.o [3]
__iar_frexpl            0x2007'379d          Code  Gb  frexp.o [3]
__iar_fsub              0x2007'1c25          Code  Gb  FltAdd.o [3]
__iar_fsubStart         0x2007'1c35          Code  Gb  FltAdd.o [3]
__iar_get_ttio          0x2007'3c99    0x4c  Code  Gb  iarttio.o [5]
__iar_ldexp64           0x2007'3861          Code  Gb  ldexp.o [3]
__iar_lookup_ttioh      0x2007'3d17     0x4  Code  Gb  XShttio.o [2]
__iar_program_start     0x2007'4491          Code  Gb  cstartup.o [1]
__iar_scalbln64         0x2007'3861          Code  Gb  ldexp.o [3]
__iar_scalbn64          0x2007'3861          Code  Gb  ldexp.o [3]
__iar_sh_stdout         0x2007'45b3    0x20  Code  Gb  iarwstd.o [5]
__iar_sh_write          0x2007'451f    0x22  Code  Gb  iarwrite.o [5]
__iar_ttio_guard_lock   0x2007'3ce9    0x1e  Code  Gb  XShttio.o [2]
__iar_ttio_guard_unlock
                        0x2007'3d07    0x10  Code  Gb  XShttio.o [2]
__iar_ttio_handles      0x2007'46b0     0x8  Data  Lc  XShttio.o [2]
__iar_zero_init3        0x2007'1a87    0x3a  Code  Gb  zero_init3.o [4]
__low_level_init        0x2007'4461    0x20  Code  Gb  startup_sam3x.o [1]
__read_row              0x2007'05db     0xc  Code  Lc  main.o [1]
__set_colunm            0x2007'05e7    0x1a  Code  Lc  main.o [1]
__set_current_temp      0x2007'098d    0x2e  Code  Lc  main.o [1]
__systick_counter       0x2007'bf90     0x4  Data  Gb  main.o [1]
__temp_start_time       0x2007'46b8     0x4  Data  Lc  main.o [1]
__vector_table          0x2007'0000    0xf4  Data  Gb  startup_sam3x.o [1]
__write                 0x2007'4585    0x10  Code  Gb  write.o [5]
_call_main              0x2007'44a9          Code  Gb  cmain.o [4]
_exit                   0x2007'44e9          Code  Gb  cexit.o [4]
_main                   0x2007'44b7          Code  Gb  cmain.o [4]
abort                   0x2007'3c4b     0x6  Code  Gb  abort.o [2]
bitascii                0x2007'3d28   0x400  Data  Lc  main.o [1]
cfloor                  0x2007'01f5    0x22  Code  Lc  main.o [1]
clock                   0x2007'23bd     0xa  Code  Gb  clock.o [5]
delay                   0x2007'0599     0xe  Code  Lc  main.o [1]
display_clear           0x2007'0835     0xc  Code  Lc  main.o [1]
display_init            0x2007'0841    0x8e  Code  Gb  main.o [1]
display_pixel_clear     0x2007'0801    0x34  Code  Lc  main.o [1]
display_read_status     0x2007'066d    0x58  Code  Lc  main.o [1]
display_set_cursor      0x2007'0785    0x26  Code  Lc  main.o [1]
display_set_pixel_cursor
                        0x2007'07ab    0x28  Code  Lc  main.o [1]
display_text_clear      0x2007'07d3    0x2e  Code  Lc  main.o [1]
display_write_command   0x2007'06c5    0x60  Code  Lc  main.o [1]
display_write_data      0x2007'0725    0x60  Code  Lc  main.o [1]
elapsedTime             0x2007'10c5     0xe  Code  Lc  main.o [1]
exit                    0x2007'44e5     0x4  Code  Gb  exit.o [2]
fmaxf                   0x2007'23ed          Code  Gb  fmaxf.o [3]
fminf                   0x2007'23c9          Code  Gb  fminf.o [3]
framebuffer_clear       0x2007'0d1f    0x3a  Code  Lc  main.o [1]
framebuffer_clear_snake
                        0x2007'0b9b    0xae  Code  Lc  main.o [1]
framebuffer_display     0x2007'0d69    0xa0  Code  Lc  main.o [1]
framebuffer_draw_apple  0x2007'0c49    0xaa  Code  Lc  main.o [1]
framebuffer_draw_rect   0x2007'0cf3    0x2c  Code  Lc  main.o [1]
framebuffer_draw_snake  0x2007'0aed    0xae  Code  Lc  main.o [1]
framebuffer_set_pixel   0x2007'0a99    0x54  Code  Lc  main.o [1]
frexp                   0x2007'3791          Code  Gb  frexp.o [3]
frexpl                  0x2007'3791          Code  Gb  frexp.o [3]
is_logging              0x2007'bf8c     0x4  Data  Gb  main.o [1]
keypad_init             0x2007'05a7    0x34  Code  Lc  main.o [1]
keypad_read             0x2007'0601    0x6c  Code  Lc  main.o [1]
ldexp                   0x2007'3861          Code  Gb  ldexp.o [3]
ldexpl                  0x2007'3861          Code  Gb  ldexp.o [3]
light_sensor_init       0x2007'0a79    0x20  Code  Lc  main.o [1]
log_clear               0x2007'1473     0xa  Code  Lc  main.o [1]
log_current_temp        0x2007'13bd    0x2e  Code  Lc  main.o [1]
log_current_temp::last  0x2007'bf9c     0x4  Data  Lc  main.o [1]
log_start               0x2007'145f     0xa  Code  Lc  main.o [1]
log_stop                0x2007'1469     0xa  Code  Lc  main.o [1]
main                    0x2007'1a5d    0x2a  Code  Gb  main.o [1]
mainMenu                0x2007'1865   0x166  Code  Lc  main.o [1]
memchr                  0x2007'3461          Code  Gb  memchr.o [4]
menu                    0x2007'4428    0x38  Data  Lc  main.o [1]
menuSize                0x2007'46a4     0x4  Data  Lc  main.o [1]
perlinNoise             0x2007'0217   0x33c  Code  Lc  main.o [1]
perlinNoise::x_wrap     0x2007'4698     0x4  Data  Lc  main.o [1]
perlinNoise::y_wrap     0x2007'469c     0x4  Data  Lc  main.o [1]
perlinNoise::z_wrap     0x2007'46a0     0x4  Data  Lc  main.o [1]
printf                  0x2007'2411    0x28  Code  Gb  printf.o [2]
putchar                 0x2007'4565    0x20  Code  Gb  putchar.o [2]
rand                    0x2007'2319    0x94  Code  Gb  rand.o [2]
render_ascii            0x2007'0e19    0xe6  Code  Lc  main.o [1]
render_float            0x2007'0f5f    0x34  Code  Lc  main.o [1]
render_float::buffer    0x2007'bf6c    0x20  Data  Lc  main.o [1]
render_string           0x2007'0f19    0x46  Code  Lc  main.o [1]
render_string_box       0x2007'0fd1    0x7c  Code  Lc  main.o [1]
resetTimer              0x2007'10d3     0xc  Code  Lc  main.o [1]
scalbln                 0x2007'3861          Code  Gb  ldexp.o [3]
scalblnl                0x2007'3861          Code  Gb  ldexp.o [3]
scalbn                  0x2007'3861          Code  Gb  ldexp.o [3]
scalbnl                 0x2007'3861          Code  Gb  ldexp.o [3]
scale                   0x2007'2c93    0x46  Code  Lc  xprintffull_nomb.o [2]
sec_hand                0x2007'bfa0     0x4  Data  Lc  xfail_s.o [2]
servo_init              0x2007'0a33    0x46  Code  Lc  main.o [1]
servo_turn              0x2007'09f9    0x3a  Code  Gb  main.o [1]
snake_init              0x2007'104d    0x78  Code  Lc  main.o [1]
snake_run               0x2007'10df   0x2d6  Code  Gb  main.o [1]
snake_run::snake        0x2007'b39c   0xb4c  Data  Lc  main.o [1]
sprintf                 0x2007'22a1    0x40  Code  Gb  sprintf.o [2]
stb__perlin_grad        0x2007'019b    0x5a  Code  Lc  main.o [1]
stb__perlin_grad::basis
                        0x2007'4328    0xc0  Data  Lc  main.o [1]
stb__perlin_grad::indices
                        0x2007'43e8    0x40  Data  Lc  main.o [1]
stb__perlin_lerp        0x2007'017f    0x1c  Code  Lc  main.o [1]
stb__perlin_randtab     0x2007'4128   0x200  Data  Lc  main.o [1]
strchr                  0x2007'3409          Code  Gb  strchr.o [4]
strlen                  0x2007'22e1          Code  Gb  strlen.o [4]
systick_get_time        0x2007'058f     0x8  Code  Lc  main.o [1]
systick_init            0x2007'057b    0x14  Code  Lc  main.o [1]
temp_array              0x2007'46d8  0x4ec4  Data  Lc  main.o [1]
temp_convert            0x2007'0967    0x18  Code  Lc  main.o [1]
temp_decompress         0x2007'097f     0xe  Code  Lc  main.o [1]
temp_get_compressed     0x2007'09e9     0x8  Code  Lc  main.o [1]
temp_get_current        0x2007'09f1     0x8  Code  Lc  main.o [1]
temp_init               0x2007'08cf    0x56  Code  Lc  main.o [1]
temp_noise              0x2007'13eb    0x3a  Code  Lc  main.o [1]
temp_random             0x2007'1425    0x3a  Code  Lc  main.o [1]
temp_ready              0x2007'09bb    0x2e  Code  Lc  main.o [1]
temp_show_graph         0x2007'1781    0xba  Code  Lc  main.o [1]
temp_show_sum           0x2007'14c9   0x294  Code  Lc  main.o [1]
temp_start_mesument     0x2007'0925    0x42  Code  Lc  main.o [1]
ttio_guard              0x2007'bfa6     0x1  Data  Lc  XShttio.o [2]


[1] = C:\Users\Anton\Documents\GitHub\DS1\Lab 3\Debug\Obj
[2] = dl7M_tln.a
[3] = m7M_tl.a
[4] = rt7M_tl.a
[5] = shb_l.a

  15 764 bytes of readonly  code memory
   2 348 bytes of readonly  data memory
  35 047 bytes of readwrite data memory

Errors: none
Warnings: 1
