###############################################################################
#
# IAR ELF Linker V7.80.4.12462/W32 for ARM                14/Aug/2017  11:19:15
# Copyright 2007-2017 IAR Systems AB.
#
#    Output file  =  D:\GitHub2\DS1\Lab 3\Debug\Exe\Lab_3.out
#    Map file     =  D:\GitHub2\DS1\Lab 3\Debug\List\Lab_3.map
#    Command line =  
#        "D:\GitHub2\DS1\Lab 3\Debug\Obj\cstartup.o" "D:\GitHub2\DS1\Lab
#        3\Debug\Obj\exceptions.o" "D:\GitHub2\DS1\Lab 3\Debug\Obj\main.o"
#        "D:\GitHub2\DS1\Lab 3\Debug\Obj\startup_sam3x.o" "D:\GitHub2\DS1\Lab
#        3\Debug\Obj\system_sam3x.o" -o "D:\GitHub2\DS1\Lab
#        3\Debug\Exe\Lab_3.out" --redirect _Printf=_PrintfFull --redirect
#        _Scanf=_ScanfFull --map "D:\GitHub2\DS1\Lab 3\Debug\List\Lab_3.map"
#        --config "C:\Program Files (x86)\IAR Systems\Embedded Workbench
#        7.5\arm\config\linker\Atmel\sam3x8e\sram.icf" --semihosting --entry
#        __iar_program_start --vfe
#
###############################################################################

*******************************************************************************
*** RUNTIME MODEL ATTRIBUTES
***

CppFlavor       = *
__SystemLibrary = DLib


*******************************************************************************
*** PLACEMENT SUMMARY
***

"A0":  place at 0x20070000 { ro section .intvec };
"P1":  place in [from 0x20070000 to 0x20087fff] { ro };
"P2":  place in [from 0x20070000 to 0x20087fff] { rw, block CSTACK, block HEAP };
initialize by copy with packing = copy, complex ranges { rw };

  Section             Kind        Address    Size  Object
  -------             ----        -------    ----  ------
"A0":                                        0xf4
  .intvec                      0x20070000    0xf4  <Block>
    .intvec           const    0x20070000    0xf4  startup_sam3x.o [1]
                             - 0x200700f4    0xf4

"P1-P2", part 1 of 4:                      0x549c
  .text               ro code  0x200700f4  0x1776  main.o [1]
  .text               ro code  0x2007186a     0xa  xsprout.o [3]
  .text               ro code  0x20071874    0xe6  FltSub.o [4]
  .text               ro code  0x2007195a     0x2  exceptions.o [1]
  .text               ro code  0x2007195c    0xd8  FltMul.o [4]
  .text               ro code  0x20071a34    0x84  FltAdd.o [4]
  .text               ro code  0x20071ab8    0x24  FltCmpGe.o [4]
  .text               ro code  0x20071adc    0x44  FltToS32.o [4]
  .text               ro code  0x20071b20    0x2e  I32ToFlt.o [4]
  .text               ro code  0x20071b50    0xfc  FltDiv.o [4]
  .text               ro code  0x20071c4c    0x4e  FltToDbl.o [4]
  .text               ro code  0x20071c9c    0xe8  DblAdd.o [4]
  .text               ro code  0x20071d84   0x1a2  DblMul.o [4]
  .text               ro code  0x20071f28    0x58  DblToI32.o [4]
  .text               ro code  0x20071f80    0x66  ABImemset.o [5]
  .text               ro code  0x20071fe8    0x22  I64Shl.o [5]
  .text               ro code  0x2007200c    0x1e  U64Shr.o [5]
  .text               ro code  0x2007202c    0x36  strlen.o [5]
  .text               ro code  0x20072064    0xe0  rand.o [3]
  .text               ro code  0x20072144     0xa  clock.o [6]
  .text               ro code  0x20072150    0x34  sprintf.o [3]
  .text               ro code  0x20072184    0xb8  system_sam3x.o [1]
  .text               ro code  0x2007223c   0x180  DblSub.o [4]
  .text               ro code  0x200723bc     0x2  xtls.o [3]
  .text               ro code  0x200723c0   0xdd2  xprintffull.o [3]
  .text               ro code  0x20073194    0x16  strchr.o [5]
  .text               ro code  0x200731ac    0x58  memchr.o [5]
  .text               ro code  0x20073204    0xee  I64DivMod.o [5]
  .text               ro code  0x200732f4    0x76  ABImemcpy_unaligned.o [5]
  .text               ro code  0x2007336a    0x44  xdnorm.o [4]
  .text               ro code  0x200733b0    0x2e  DblCmpLe.o [4]
  .text               ro code  0x200733e0    0x2e  DblCmpGe.o [4]
  .text               ro code  0x20073410   0x10c  xdscale.o [4]
  .text               ro code  0x2007351c    0x30  I32ToDbl.o [4]
  .text               ro code  0x2007354c   0x256  DblDiv.o [4]
  .text               ro code  0x200737a2     0xe  div.o [3]
  .text               ro code  0x200737b0     0x2  I64DivZer.o [5]
  .rodata             const    0x200737b4   0x200  main.o [1]
  .rodata             const    0x200739b4    0xc0  main.o [1]
  .rodata             const    0x20073a74    0x44  main.o [1]
  .rodata             const    0x20073ab8    0x44  main.o [1]
  .rodata             const    0x20073afc    0x44  main.o [1]
  .rodata             const    0x20073b40    0x44  main.o [1]
  .rodata             const    0x20073b84    0x44  main.o [1]
  .rodata             const    0x20073bc8    0x44  main.o [1]
  .rodata             const    0x20073c0c    0x44  main.o [1]
  .rodata             const    0x20073c50    0x44  main.o [1]
  .rodata             const    0x20073c94    0x44  main.o [1]
  .rodata             const    0x20073cd8    0x44  main.o [1]
  .rodata             const    0x20073d1c    0x44  main.o [1]
  .rodata             const    0x20073d60    0x44  main.o [1]
  .rodata             const    0x20073da4    0x44  main.o [1]
  .rodata             const    0x20073de8    0x44  main.o [1]
  .rodata             const    0x20073e2c    0x44  main.o [1]
  .rodata             const    0x20073e70    0x44  main.o [1]
  .rodata             const    0x20073eb4    0x44  main.o [1]
  .rodata             const    0x20073ef8    0x44  main.o [1]
  .rodata             const    0x20073f3c    0x44  main.o [1]
  .rodata             const    0x20073f80    0x44  main.o [1]
  .rodata             const    0x20073fc4    0x44  main.o [1]
  .rodata             const    0x20074008    0x44  main.o [1]
  .rodata             const    0x2007404c    0x44  main.o [1]
  .rodata             const    0x20074090    0x44  main.o [1]
  .rodata             const    0x200740d4    0x44  main.o [1]
  .rodata             const    0x20074118    0x44  main.o [1]
  .rodata             const    0x2007415c    0x44  main.o [1]
  .rodata             const    0x200741a0    0x44  main.o [1]
  .rodata             const    0x200741e4    0x44  main.o [1]
  .rodata             const    0x20074228    0x44  main.o [1]
  .rodata             const    0x2007426c    0x44  main.o [1]
  .rodata             const    0x200742b0    0x44  main.o [1]
  .rodata             const    0x200742f4    0x44  main.o [1]
  .rodata             const    0x20074338    0x44  main.o [1]
  .rodata             const    0x2007437c    0x44  main.o [1]
  .rodata             const    0x200743c0    0x44  main.o [1]
  .rodata             const    0x20074404    0x44  main.o [1]
  .rodata             const    0x20074448    0x44  main.o [1]
  .rodata             const    0x2007448c    0x44  main.o [1]
  .rodata             const    0x200744d0    0x44  main.o [1]
  .rodata             const    0x20074514    0x44  main.o [1]
  .rodata             const    0x20074558    0x44  main.o [1]
  .rodata             const    0x2007459c    0x44  main.o [1]
  .rodata             const    0x200745e0    0x44  main.o [1]
  .rodata             const    0x20074624    0x44  main.o [1]
  .rodata             const    0x20074668    0x44  main.o [1]
  .rodata             const    0x200746ac    0x44  main.o [1]
  .rodata             const    0x200746f0    0x44  main.o [1]
  .rodata             const    0x20074734    0x44  main.o [1]
  .rodata             const    0x20074778    0x44  main.o [1]
  .rodata             const    0x200747bc    0x44  main.o [1]
  .rodata             const    0x20074800    0x44  main.o [1]
  .rodata             const    0x20074844    0x44  main.o [1]
  .rodata             const    0x20074888    0x44  main.o [1]
  .rodata             const    0x200748cc    0x44  main.o [1]
  .rodata             const    0x20074910    0x44  main.o [1]
  .rodata             const    0x20074954    0x44  main.o [1]
  .rodata             const    0x20074998    0x44  main.o [1]
  .rodata             const    0x200749dc    0x44  main.o [1]
  .rodata             const    0x20074a20    0x44  main.o [1]
  .rodata             const    0x20074a64    0x44  main.o [1]
  .rodata             const    0x20074aa8    0x44  main.o [1]
  .rodata             const    0x20074aec    0x44  main.o [1]
  .rodata             const    0x20074b30    0x44  main.o [1]
  .rodata             const    0x20074b74    0x44  main.o [1]
  .rodata             const    0x20074bb8    0x44  main.o [1]
  .rodata             const    0x20074bfc    0x44  main.o [1]
  .rodata             const    0x20074c40    0x44  main.o [1]
  .rodata             const    0x20074c84    0x44  main.o [1]
  .rodata             const    0x20074cc8    0x44  main.o [1]
  .rodata             const    0x20074d0c    0x44  main.o [1]
  .rodata             const    0x20074d50    0x44  main.o [1]
  .rodata             const    0x20074d94    0x44  main.o [1]
  .rodata             const    0x20074dd8    0x44  main.o [1]
  .rodata             const    0x20074e1c    0x44  main.o [1]
  .rodata             const    0x20074e60    0x44  main.o [1]
  .rodata             const    0x20074ea4    0x44  main.o [1]
  .rodata             const    0x20074ee8    0x44  main.o [1]
  .rodata             const    0x20074f2c    0x44  main.o [1]
  .rodata             const    0x20074f70    0x44  main.o [1]
  .rodata             const    0x20074fb4    0x44  main.o [1]
  .rodata             const    0x20074ff8    0x44  main.o [1]
  .rodata             const    0x2007503c    0x44  main.o [1]
  .rodata             const    0x20075080    0x44  main.o [1]
  .rodata             const    0x200750c4    0x44  main.o [1]
  .rodata             const    0x20075108    0x44  main.o [1]
  .rodata             const    0x2007514c    0x44  main.o [1]
  .rodata             const    0x20075190    0x44  main.o [1]
  .rodata             const    0x200751d4    0x44  main.o [1]
  .rodata             const    0x20075218    0x44  main.o [1]
  .rodata             const    0x2007525c    0x44  main.o [1]
  .rodata             const    0x200752a0    0x44  main.o [1]
  .rodata             const    0x200752e4    0x44  main.o [1]
  .rodata             const    0x20075328    0x44  main.o [1]
  .rodata             const    0x2007536c    0x44  main.o [1]
  .rodata             const    0x200753b0    0x40  main.o [1]
  .text               ro code  0x200753f0    0x40  zero_init3.o [5]
  .text               ro code  0x20075430    0x34  startup_sam3x.o [1]
  .text               ro code  0x20075464     0xc  cstartup.o [1]
  .text               ro code  0x20075470    0x1a  cmain.o [5]
  .text               ro code  0x2007548c    0x28  data_init.o [5]
  .text               ro code  0x200754b4     0x4  exit.o [3]
  .text               ro code  0x200754b8     0xa  cexit.o [5]
  .text               ro code  0x200754c4    0x14  exit.o [6]
  .text               ro code  0x200754d8    0x2c  copy_init3.o [5]
  .iar.init_table     const    0x20075504    0x24  - Linker created -
  .rodata             const    0x20075528    0x10  main.o [1]
  .rodata             const    0x20075538     0xc  main.o [1]
  .rodata             const    0x20075544     0xc  main.o [1]
  .rodata             const    0x20075550     0xc  main.o [1]
  .rodata             const    0x2007555c     0xc  main.o [1]
  .rodata             const    0x20075568     0xc  main.o [1]
  .rodata             const    0x20075574     0xc  main.o [1]
  .rodata             const    0x20075580     0x4  main.o [1]
  .rodata             const    0x20075584     0x4  main.o [1]
  .rodata             const    0x20075588     0x4  main.o [1]
  .rodata             const    0x2007558c     0x4  main.o [1]
  .rodata             const    0x20075590     0x0  zero_init3.o [5]
  .rodata             const    0x20075590     0x0  copy_init3.o [5]
                             - 0x20075590  0x549c

"P1-P2", part 2 of 4:                      0x1000
  CSTACK                       0x20075590  0x1000  <Block>
    CSTACK            uninit   0x20075590  0x1000  <Block tail>
                             - 0x20076590  0x1000

"P1-P2", part 3 of 4:                       0x420
  P1-P2 s0                     0x20076590   0x210  <Init block>
    .data             inited   0x20076590   0x17c  main.o [1]
    __DLIB_PERTHREAD  inited   0x2007670c    0x8c  rand.o [3]
    .data             inited   0x20076798     0x4  main.o [1]
    .data             inited   0x2007679c     0x4  system_sam3x.o [1]
  Initializer bytes   const    0x200767a0   0x210  <for P1-P2 s0>
                             - 0x200769b0   0x420

"P1-P2", part 4 of 4:                      0x6d70
  .bss                zero     0x200769b0  0x4f18  main.o [1]
  .bss                zero     0x2007b8c8   0xf00  main.o [1]
  .bss                zero     0x2007c7c8   0xb4c  main.o [1]
  .bss                zero     0x2007d314     0x4  main.o [1]
  .bss                zero     0x2007d318   0x400  main.o [1]
  .bss                zero     0x2007d718     0x4  main.o [1]
  .bss                zero     0x2007d71c     0x2  main.o [1]
                             - 0x2007d71e  0x6d6e


*******************************************************************************
*** INIT TABLE
***

          Address     Size
          -------     ----
Zero (__iar_zero_init3)
    1 destination range, total size 0x6d6e:
          0x200769b0  0x6d6e

Copy (__iar_copy_init3)
    1 source range, total size 0x210:
          0x200767a0   0x210
    1 destination range, total size 0x210:
          0x20076590   0x210



*******************************************************************************
*** MODULE SUMMARY
***

    Module                 ro code  ro data  rw data
    ------                 -------  -------  -------
D:\GitHub2\DS1\Lab 3\Debug\Obj: [1]
    cstartup.o                  12
    exceptions.o                 2
    main.o                   6 006    7 716   28 398
    startup_sam3x.o             52      244
    system_sam3x.o             184        4        4
    ------------------------------------------------
    Total:                   6 256    7 964   28 402

command line: [2]
    ------------------------------------------------
    Total:

dl7M_tln.a: [3]
    div.o                       14
    exit.o                       4
    rand.o                     224      140      140
    sprintf.o                   52
    xprintffull.o            3 538
    xsprout.o                   10
    xtls.o                       2
    ------------------------------------------------
    Total:                   3 844      140      140

m7M_tl.a: [4]
    DblAdd.o                   232
    DblCmpGe.o                  46
    DblCmpLe.o                  46
    DblDiv.o                   598
    DblMul.o                   418
    DblSub.o                   384
    DblToI32.o                  88
    FltAdd.o                   132
    FltCmpGe.o                  36
    FltDiv.o                   252
    FltMul.o                   216
    FltSub.o                   230
    FltToDbl.o                  78
    FltToS32.o                  68
    I32ToDbl.o                  48
    I32ToFlt.o                  46
    xdnorm.o                    68
    xdscale.o                  268
    ------------------------------------------------
    Total:                   3 254

rt7M_tl.a: [5]
    ABImemcpy_unaligned.o      118
    ABImemset.o                102
    I64DivMod.o                238
    I64DivZer.o                  2
    I64Shl.o                    34
    U64Shr.o                    30
    cexit.o                     10
    cmain.o                     26
    copy_init3.o                44
    data_init.o                 40
    memchr.o                    88
    strchr.o                    22
    strlen.o                    54
    zero_init3.o                64
    ------------------------------------------------
    Total:                     872

shb_l.a: [6]
    clock.o                     10
    exit.o                      20
    ------------------------------------------------
    Total:                      30

    Gaps                        34        2
    Linker created                       36    4 096
----------------------------------------------------
    Grand Total:            14 290    8 142   32 638


*******************************************************************************
*** ENTRY LIST
***

Entry                      Address    Size  Type      Object
-----                      -------    ----  ----      ------
.iar.init_table$$Base   0x20075504           --   Gb  - Linker created -
.iar.init_table$$Limit  0x20075528           --   Gb  - Linker created -
.intvec$$Base           0x20070000           --   Gb  - Linker created -
.intvec$$Limit          0x200700f4           --   Gb  - Linker created -
?main                   0x20075471          Code  Gb  cmain.o [5]
ADC_Handler             0x2007195b     0x2  Code  Wk  exceptions.o [1]
BusFault_Handler        0x2007195b     0x2  Code  Wk  exceptions.o [1]
CAN0_Handler            0x2007195b     0x2  Code  Wk  exceptions.o [1]
CAN1_Handler            0x2007195b     0x2  Code  Wk  exceptions.o [1]
CSTACK$$Base            0x20075590           --   Gb  - Linker created -
CSTACK$$Limit           0x20076590           --   Gb  - Linker created -
DACC_Handler            0x2007195b     0x2  Code  Wk  exceptions.o [1]
DMAC_Handler            0x2007195b     0x2  Code  Wk  exceptions.o [1]
DebugMon_Handler        0x2007195b     0x2  Code  Wk  exceptions.o [1]
Dummy_Handler           0x2007195b     0x2  Code  Gb  exceptions.o [1]
EFC0_Handler            0x2007195b     0x2  Code  Wk  exceptions.o [1]
EFC1_Handler            0x2007195b     0x2  Code  Wk  exceptions.o [1]
HSMCI_Handler           0x2007195b     0x2  Code  Wk  exceptions.o [1]
HardFault_Handler       0x2007195b     0x2  Code  Wk  exceptions.o [1]
LoadInt                 0x20072967    0x6e  Code  Lc  xprintffull.o [3]
MemManage_Handler       0x2007195b     0x2  Code  Wk  exceptions.o [1]
NMI_Handler             0x2007195b     0x2  Code  Wk  exceptions.o [1]
NVIC_ClearPendingIRQ    0x2007010b    0x16  Code  Lc  main.o [1]
NVIC_EnableIRQ          0x200700f5    0x16  Code  Lc  main.o [1]
NVIC_SetPriority        0x20070121    0x26  Code  Lc  main.o [1]
PIOA_Handler            0x2007195b     0x2  Code  Wk  exceptions.o [1]
PIOB_Handler            0x2007195b     0x2  Code  Wk  exceptions.o [1]
PIOC_Handler            0x2007195b     0x2  Code  Wk  exceptions.o [1]
PIOD_Handler            0x2007195b     0x2  Code  Wk  exceptions.o [1]
PMC_Handler             0x2007195b     0x2  Code  Wk  exceptions.o [1]
PWM_Handler             0x2007195b     0x2  Code  Wk  exceptions.o [1]
PendSV_Handler          0x2007195b     0x2  Code  Wk  exceptions.o [1]
RSTC_Handler            0x2007195b     0x2  Code  Wk  exceptions.o [1]
RTC_Handler             0x2007195b     0x2  Code  Wk  exceptions.o [1]
RTT_Handler             0x2007195b     0x2  Code  Wk  exceptions.o [1]
Region$$Table$$Base     0x20075504           --   Gb  - Linker created -
Region$$Table$$Limit    0x20075528           --   Gb  - Linker created -
Reset_Handler           0x2007545d     0x8  Code  Gb  startup_sam3x.o [1]
SPI0_Handler            0x2007195b     0x2  Code  Wk  exceptions.o [1]
SSC_Handler             0x2007195b     0x2  Code  Wk  exceptions.o [1]
SUPC_Handler            0x2007195b     0x2  Code  Wk  exceptions.o [1]
SVC_Handler             0x2007195b     0x2  Code  Wk  exceptions.o [1]
SysTick_Config          0x20070147    0x36  Code  Lc  main.o [1]
SysTick_Handler         0x200706c7    0x1e  Code  Gb  main.o [1]
SystemCoreClock         0x2007679c     0x4  Data  Gb  system_sam3x.o [1]
SystemInit              0x20072185    0x86  Code  Gb  system_sam3x.o [1]
TC0_Handler             0x2007195b     0x2  Code  Wk  exceptions.o [1]
TC1_Handler             0x2007195b     0x2  Code  Wk  exceptions.o [1]
TC2_Handler             0x2007195b     0x2  Code  Wk  exceptions.o [1]
TC3_Handler             0x2007195b     0x2  Code  Wk  exceptions.o [1]
TC4_Handler             0x2007195b     0x2  Code  Wk  exceptions.o [1]
TC5_Handler             0x2007195b     0x2  Code  Wk  exceptions.o [1]
TRNG_Handler            0x2007195b     0x2  Code  Wk  exceptions.o [1]
TWI0_Handler            0x2007195b     0x2  Code  Wk  exceptions.o [1]
TWI1_Handler            0x2007195b     0x2  Code  Wk  exceptions.o [1]
UART_Handler            0x2007195b     0x2  Code  Wk  exceptions.o [1]
UOTGHS_Handler          0x2007195b     0x2  Code  Wk  exceptions.o [1]
USART0_Handler          0x2007195b     0x2  Code  Wk  exceptions.o [1]
USART1_Handler          0x2007195b     0x2  Code  Wk  exceptions.o [1]
USART2_Handler          0x2007195b     0x2  Code  Wk  exceptions.o [1]
UsageFault_Handler      0x2007195b     0x2  Code  Wk  exceptions.o [1]
WDT_Handler             0x2007195b     0x2  Code  Wk  exceptions.o [1]
_GenldFull              0x20072ee1   0x26a  Code  Lc  xprintffull.o [3]
_LdtobFull              0x20072ae1   0x3fa  Code  Lc  xprintffull.o [3]
_LitobFull              0x200729d5   0x10a  Code  Lc  xprintffull.o [3]
_PrintfFull             0x200723c1   0x5a0  Code  Gb  xprintffull.o [3]
_PutcharsFull           0x2007314b    0x2e  Code  Lc  xprintffull.o [3]
_Rand_idx               0x20076714     0x4  Data  Lc  rand.o [3]
_Rand_rv                0x20076718    0x80  Data  Lc  rand.o [3]
_Randinit               0x2007670c     0x1  Data  Gb  rand.o [3]
_Randseed               0x20076710     0x4  Data  Gb  rand.o [3]
_SProut                 0x2007186b     0xa  Code  Gb  xsprout.o [3]
__aeabi_cdcmple         0x200733b1          Code  Gb  DblCmpLe.o [4]
__aeabi_cdrcmple        0x200733e1          Code  Gb  DblCmpGe.o [4]
__aeabi_cfrcmple        0x20071ab9          Code  Gb  FltCmpGe.o [4]
__aeabi_d2iz            0x20071f29          Code  Gb  DblToI32.o [4]
__aeabi_d2uiz           0x20071f55          Code  Gb  DblToI32.o [4]
__aeabi_dadd            0x20071c9d          Code  Gb  DblAdd.o [4]
__aeabi_ddiv            0x2007354d          Code  Gb  DblDiv.o [4]
__aeabi_dmul            0x20071d85          Code  Gb  DblMul.o [4]
__aeabi_dsub            0x2007223d          Code  Gb  DblSub.o [4]
__aeabi_f2d             0x20071c4d          Code  Gb  FltToDbl.o [4]
__aeabi_f2iz            0x20071add          Code  Gb  FltToS32.o [4]
__aeabi_fadd            0x20071a35          Code  Gb  FltAdd.o [4]
__aeabi_fdiv            0x20071b51          Code  Gb  FltDiv.o [4]
__aeabi_fmul            0x2007195d          Code  Gb  FltMul.o [4]
__aeabi_fsub            0x20071875          Code  Gb  FltSub.o [4]
__aeabi_i2d             0x2007351d          Code  Gb  I32ToDbl.o [4]
__aeabi_i2f             0x20071b21          Code  Gb  I32ToFlt.o [4]
__aeabi_ldiv0           0x200737b1          Code  Gb  I64DivZer.o [5]
__aeabi_llsl            0x20071fe9          Code  Gb  I64Shl.o [5]
__aeabi_llsr            0x2007200d          Code  Gb  U64Shr.o [5]
__aeabi_memset          0x20071f81          Code  Gb  ABImemset.o [5]
__aeabi_ui2d            0x20073531          Code  Gb  I32ToDbl.o [4]
__aeabi_uldivmod        0x20073205          Code  Gb  I64DivMod.o [5]
__cmain                 0x20075471          Code  Gb  cmain.o [5]
__current_temp          0x2007d314     0x4  Data  Lc  main.o [1]
__current_temp_compressed
                        0x2007d71c     0x2  Data  Lc  main.o [1]
__exit                  0x200754c5    0x14  Code  Gb  exit.o [6]
__framebuffer           0x2007b8c8   0xf00  Data  Gb  main.o [1]
__iar_Dnorm             0x2007336b    0x44  Code  Gb  xdnorm.o [4]
__iar_Dscale            0x20073411   0x10c  Code  Gb  xdscale.o [4]
__iar_Memchr            0x200731ad          Code  Gb  memchr.o [5]
__iar_Memset            0x20071f81          Code  Gb  ABImemset.o [5]
__iar_Memset_word       0x20071f89          Code  Gb  ABImemset.o [5]
__iar_Strchr            0x20073195          Code  Gb  strchr.o [5]
__iar_copy_init3        0x200754d9    0x2c  Code  Gb  copy_init3.o [5]
__iar_d2uiz             0x20071f61          Code  Gb  DblToI32.o [4]
__iar_dadd              0x20071cb1          Code  Gb  DblAdd.o [4]
__iar_data_init3        0x2007548d    0x28  Code  Gb  data_init.o [5]
__iar_dlib_perthread_access
                        0x200723bd     0x2  Code  Gb  xtls.o [3]
__iar_dsub              0x20072251          Code  Gb  DblSub.o [4]
__iar_dsubStart         0x20072263          Code  Gb  DblSub.o [4]
__iar_fadd              0x20071a45          Code  Gb  FltAdd.o [4]
__iar_fsub              0x20071885          Code  Gb  FltSub.o [4]
__iar_fsubStart         0x20071895          Code  Gb  FltSub.o [4]
__iar_program_start     0x20075465          Code  Gb  cstartup.o [1]
__iar_ui2d              0x20073535          Code  Gb  I32ToDbl.o [4]
__iar_ui2f              0x20071b35          Code  Gb  I32ToFlt.o [4]
__iar_unaligned___aeabi_memcpy
                        0x200732f5          Code  Gb  ABImemcpy_unaligned.o [5]
__iar_unaligned___aeabi_memcpy4
                        0x20073315          Code  Gb  ABImemcpy_unaligned.o [5]
__iar_unaligned___aeabi_memcpy8
                        0x20073315          Code  Gb  ABImemcpy_unaligned.o [5]
__iar_zero_init3        0x200753f1    0x40  Code  Gb  zero_init3.o [5]
__low_level_init        0x20075431    0x24  Code  Gb  startup_sam3x.o [1]
__readRow               0x20070739     0xc  Code  Lc  main.o [1]
__setColunm             0x20070745    0x1a  Code  Lc  main.o [1]
__set_current_temp      0x2007065b    0x2e  Code  Lc  main.o [1]
__systick_counter       0x2007d718     0x4  Data  Gb  main.o [1]
__temp_start_time       0x20076798     0x4  Data  Lc  main.o [1]
__vector_table          0x20070000    0xf4  Data  Gb  startup_sam3x.o [1]
_call_main              0x2007547d          Code  Gb  cmain.o [5]
_exit                   0x200754b9          Code  Gb  cexit.o [5]
_main                   0x20075487          Code  Gb  cmain.o [5]
ascii_temp              0x20076590   0x17c  Data  Gb  main.o [1]
bitascii                0x2007d318   0x400  Data  Lc  main.o [1]
cfloor                  0x200701ff    0x22  Code  Lc  main.o [1]
clock                   0x20072145     0xa  Code  Gb  clock.o [6]
delay                   0x20070591     0xe  Code  Lc  main.o [1]
display_clear           0x20070a0d     0xc  Code  Lc  main.o [1]
display_pixel_clear     0x200709d9    0x34  Code  Lc  main.o [1]
display_read_status     0x200707d7    0x78  Code  Lc  main.o [1]
display_set_cursor      0x20070967    0x22  Code  Lc  main.o [1]
display_set_pixel_cursor
                        0x20070989    0x24  Code  Lc  main.o [1]
display_text_clear      0x200709ad    0x2c  Code  Lc  main.o [1]
display_write_command   0x2007084f    0x8c  Code  Lc  main.o [1]
display_write_data      0x200708db    0x8c  Code  Lc  main.o [1]
div                     0x200737a3     0xe  Code  Gb  div.o [3]
elapsedTime             0x2007118d     0xe  Code  Lc  main.o [1]
exit                    0x200754b5     0x4  Code  Gb  exit.o [3]
framebufferClear        0x20070de1    0x2a  Code  Lc  main.o [1]
framebufferClearPixel   0x20070b91    0x40  Code  Lc  main.o [1]
framebufferClearSnake   0x20070c6f    0x9e  Code  Lc  main.o [1]
framebufferDisplay      0x20070e11    0x38  Code  Lc  main.o [1]
framebufferDrawApple    0x20070d0d    0x9e  Code  Lc  main.o [1]
framebufferDrawRect     0x20070db5    0x2c  Code  Lc  main.o [1]
framebufferDrawSnake    0x20070bd1    0x9e  Code  Lc  main.o [1]
framebufferSetPixel     0x20070b53    0x3e  Code  Lc  main.o [1]
initBitmaps             0x20070e4d    0x6a  Code  Lc  main.o [1]
initDisplay             0x20070a19    0x92  Code  Gb  main.o [1]
initKeypad              0x20070701    0x38  Code  Lc  main.o [1]
initLightSensor         0x20070b2f    0x24  Code  Lc  main.o [1]
initServo               0x20070ae5    0x4a  Code  Lc  main.o [1]
initSnakeState          0x20071117    0x76  Code  Lc  main.o [1]
initSystick             0x200706e5    0x14  Code  Lc  main.o [1]
initTemp                0x2007059f    0x5a  Code  Lc  main.o [1]
keypadRead              0x2007075f    0x78  Code  Lc  main.o [1]
main                    0x2007183d    0x2e  Code  Gb  main.o [1]
mainMenu                0x20071651   0x178  Code  Lc  main.o [1]
memchr                  0x200731ad          Code  Gb  memchr.o [5]
menu                    0x20075528    0x10  Data  Lc  main.o [1]
menuSize                0x2007558c     0x4  Data  Lc  main.o [1]
perlinNoise             0x20070221   0x36e  Code  Lc  main.o [1]
perlinNoise::x_wrap     0x20075580     0x4  Data  Lc  main.o [1]
perlinNoise::y_wrap     0x20075584     0x4  Data  Lc  main.o [1]
perlinNoise::z_wrap     0x20075588     0x4  Data  Lc  main.o [1]
rand                    0x20072065    0xe0  Code  Gb  rand.o [3]
randomTempArray         0x20071609    0x42  Code  Lc  main.o [1]
renderAscii             0x20070ee1    0xe6  Code  Lc  main.o [1]
renderAsciiString       0x2007104d    0x52  Code  Lc  main.o [1]
renderStringBox         0x2007109f    0x78  Code  Lc  main.o [1]
resetTimer              0x2007119b     0xc  Code  Lc  main.o [1]
runSnakeGame            0x200711a7   0x430  Code  Gb  main.o [1]
runSnakeGame::snake     0x2007c7c8   0xb4c  Data  Lc  main.o [1]
servoTurn               0x20070aab    0x3a  Code  Gb  main.o [1]
sprintf                 0x20072151    0x34  Code  Gb  sprintf.o [3]
stb__perlin_grad        0x20070199    0x66  Code  Lc  main.o [1]
stb__perlin_grad::basis
                        0x200739b4    0xc0  Data  Lc  main.o [1]
stb__perlin_grad::indices
                        0x200753b0    0x40  Data  Lc  main.o [1]
stb__perlin_lerp        0x2007017d    0x1c  Code  Lc  main.o [1]
stb__perlin_randtab     0x200737b4   0x200  Data  Lc  main.o [1]
strchr                  0x20073195          Code  Gb  strchr.o [5]
strlen                  0x2007202d          Code  Gb  strlen.o [5]
systickGetTime          0x200706f9     0x8  Code  Lc  main.o [1]
temp                    0x200769b0  0x4f18  Data  Lc  main.o [1]
tempConvert             0x20070643    0x18  Code  Lc  main.o [1]
tempGetCurrent          0x200706bf     0x8  Code  Lc  main.o [1]
tempNoise               0x200715d7    0x2c  Code  Lc  main.o [1]
tempReady               0x20070689    0x36  Code  Lc  main.o [1]
tempStartMesurment      0x200705f9    0x4a  Code  Lc  main.o [1]


[1] = D:\GitHub2\DS1\Lab 3\Debug\Obj
[2] = command line
[3] = dl7M_tln.a
[4] = m7M_tl.a
[5] = rt7M_tl.a
[6] = shb_l.a

  14 290 bytes of readonly  code memory
   8 142 bytes of readonly  data memory
  32 638 bytes of readwrite data memory

Errors: none
Warnings: none
