###############################################################################
#
# IAR ELF Linker V7.80.4.12462/W32 for ARM                15/Aug/2017  12:18:43
# Copyright 2007-2017 IAR Systems AB.
#
#    Output file  =  D:\GitHub2\DS1\Lab 3\Debug\Exe\Lab_3.out
#    Map file     =  D:\GitHub2\DS1\Lab 3\Debug\List\Lab_3.map
#    Command line =  
#        "D:\GitHub2\DS1\Lab 3\Debug\Obj\cstartup.o" "D:\GitHub2\DS1\Lab
#        3\Debug\Obj\exceptions.o" "D:\GitHub2\DS1\Lab 3\Debug\Obj\main.o"
#        "D:\GitHub2\DS1\Lab 3\Debug\Obj\startup_sam3x.o" "D:\GitHub2\DS1\Lab
#        3\Debug\Obj\system_sam3x.o" -o "D:\GitHub2\DS1\Lab
#        3\Debug\Exe\Lab_3.out" --redirect _Printf=_PrintfFull --redirect
#        _Scanf=_ScanfFull --map "D:\GitHub2\DS1\Lab 3\Debug\List\Lab_3.map"
#        --config "C:\Program Files (x86)\IAR Systems\Embedded Workbench
#        7.5\arm\config\linker\Atmel\sam3x8e\sram.icf" --semihosting --entry
#        __iar_program_start --vfe
#
###############################################################################

*******************************************************************************
*** RUNTIME MODEL ATTRIBUTES
***

CppFlavor       = *
__SystemLibrary = DLib


*******************************************************************************
*** PLACEMENT SUMMARY
***

"A0":  place at 0x20070000 { ro section .intvec };
"P1":  place in [from 0x20070000 to 0x20087fff] { ro };
"P2":  place in [from 0x20070000 to 0x20087fff] { rw, block CSTACK, block HEAP };
initialize by copy with packing = copy, complex ranges { rw };

  Section             Kind        Address    Size  Object
  -------             ----        -------    ----  ------
"A0":                                        0xf4
  .intvec                      0x20070000    0xf4  <Block>
    .intvec           const    0x20070000    0xf4  startup_sam3x.o [1]
                             - 0x200700f4    0xf4

"P1-P2", part 1 of 4:                      0x56c0
  .text               ro code  0x200700f4  0x199a  main.o [1]
  .text               ro code  0x20071a8e     0xa  xsprout.o [3]
  .text               ro code  0x20071a98    0xe6  FltSub.o [4]
  .text               ro code  0x20071b7e     0x2  exceptions.o [1]
  .text               ro code  0x20071b80    0xd8  FltMul.o [4]
  .text               ro code  0x20071c58    0x84  FltAdd.o [4]
  .text               ro code  0x20071cdc    0x24  FltCmpGe.o [4]
  .text               ro code  0x20071d00    0x44  FltToS32.o [4]
  .text               ro code  0x20071d44    0x2e  I32ToFlt.o [4]
  .text               ro code  0x20071d74    0xfc  FltDiv.o [4]
  .text               ro code  0x20071e70    0x4e  FltToDbl.o [4]
  .text               ro code  0x20071ec0    0xe8  DblAdd.o [4]
  .text               ro code  0x20071fa8   0x1a2  DblMul.o [4]
  .text               ro code  0x2007214c    0x58  DblToI32.o [4]
  .text               ro code  0x200721a4    0x66  ABImemset.o [5]
  .text               ro code  0x2007220c    0x22  I64Shl.o [5]
  .text               ro code  0x20072230    0x1e  U64Shr.o [5]
  .text               ro code  0x20072250    0x36  strlen.o [5]
  .text               ro code  0x20072288    0xe0  rand.o [3]
  .text               ro code  0x20072368     0xa  clock.o [6]
  .text               ro code  0x20072374    0x34  sprintf.o [3]
  .text               ro code  0x200723a8    0xb8  system_sam3x.o [1]
  .text               ro code  0x20072460   0x180  DblSub.o [4]
  .text               ro code  0x200725e0     0x2  xtls.o [3]
  .text               ro code  0x200725e4   0xdd2  xprintffull.o [3]
  .text               ro code  0x200733b8    0x16  strchr.o [5]
  .text               ro code  0x200733d0    0x58  memchr.o [5]
  .text               ro code  0x20073428    0xee  I64DivMod.o [5]
  .text               ro code  0x20073518    0x76  ABImemcpy_unaligned.o [5]
  .text               ro code  0x2007358e    0x44  xdnorm.o [4]
  .text               ro code  0x200735d4    0x2e  DblCmpLe.o [4]
  .text               ro code  0x20073604    0x2e  DblCmpGe.o [4]
  .text               ro code  0x20073634   0x10c  xdscale.o [4]
  .text               ro code  0x20073740    0x30  I32ToDbl.o [4]
  .text               ro code  0x20073770   0x256  DblDiv.o [4]
  .text               ro code  0x200739c6     0xe  div.o [3]
  .text               ro code  0x200739d4     0x2  I64DivZer.o [5]
  .rodata             const    0x200739d8   0x200  main.o [1]
  .rodata             const    0x20073bd8    0xc0  main.o [1]
  .rodata             const    0x20073c98    0x44  main.o [1]
  .rodata             const    0x20073cdc    0x44  main.o [1]
  .rodata             const    0x20073d20    0x44  main.o [1]
  .rodata             const    0x20073d64    0x44  main.o [1]
  .rodata             const    0x20073da8    0x44  main.o [1]
  .rodata             const    0x20073dec    0x44  main.o [1]
  .rodata             const    0x20073e30    0x44  main.o [1]
  .rodata             const    0x20073e74    0x44  main.o [1]
  .rodata             const    0x20073eb8    0x44  main.o [1]
  .rodata             const    0x20073efc    0x44  main.o [1]
  .rodata             const    0x20073f40    0x44  main.o [1]
  .rodata             const    0x20073f84    0x44  main.o [1]
  .rodata             const    0x20073fc8    0x44  main.o [1]
  .rodata             const    0x2007400c    0x44  main.o [1]
  .rodata             const    0x20074050    0x44  main.o [1]
  .rodata             const    0x20074094    0x44  main.o [1]
  .rodata             const    0x200740d8    0x44  main.o [1]
  .rodata             const    0x2007411c    0x44  main.o [1]
  .rodata             const    0x20074160    0x44  main.o [1]
  .rodata             const    0x200741a4    0x44  main.o [1]
  .rodata             const    0x200741e8    0x44  main.o [1]
  .rodata             const    0x2007422c    0x44  main.o [1]
  .rodata             const    0x20074270    0x44  main.o [1]
  .rodata             const    0x200742b4    0x44  main.o [1]
  .rodata             const    0x200742f8    0x44  main.o [1]
  .rodata             const    0x2007433c    0x44  main.o [1]
  .rodata             const    0x20074380    0x44  main.o [1]
  .rodata             const    0x200743c4    0x44  main.o [1]
  .rodata             const    0x20074408    0x44  main.o [1]
  .rodata             const    0x2007444c    0x44  main.o [1]
  .rodata             const    0x20074490    0x44  main.o [1]
  .rodata             const    0x200744d4    0x44  main.o [1]
  .rodata             const    0x20074518    0x44  main.o [1]
  .rodata             const    0x2007455c    0x44  main.o [1]
  .rodata             const    0x200745a0    0x44  main.o [1]
  .rodata             const    0x200745e4    0x44  main.o [1]
  .rodata             const    0x20074628    0x44  main.o [1]
  .rodata             const    0x2007466c    0x44  main.o [1]
  .rodata             const    0x200746b0    0x44  main.o [1]
  .rodata             const    0x200746f4    0x44  main.o [1]
  .rodata             const    0x20074738    0x44  main.o [1]
  .rodata             const    0x2007477c    0x44  main.o [1]
  .rodata             const    0x200747c0    0x44  main.o [1]
  .rodata             const    0x20074804    0x44  main.o [1]
  .rodata             const    0x20074848    0x44  main.o [1]
  .rodata             const    0x2007488c    0x44  main.o [1]
  .rodata             const    0x200748d0    0x44  main.o [1]
  .rodata             const    0x20074914    0x44  main.o [1]
  .rodata             const    0x20074958    0x44  main.o [1]
  .rodata             const    0x2007499c    0x44  main.o [1]
  .rodata             const    0x200749e0    0x44  main.o [1]
  .rodata             const    0x20074a24    0x44  main.o [1]
  .rodata             const    0x20074a68    0x44  main.o [1]
  .rodata             const    0x20074aac    0x44  main.o [1]
  .rodata             const    0x20074af0    0x44  main.o [1]
  .rodata             const    0x20074b34    0x44  main.o [1]
  .rodata             const    0x20074b78    0x44  main.o [1]
  .rodata             const    0x20074bbc    0x44  main.o [1]
  .rodata             const    0x20074c00    0x44  main.o [1]
  .rodata             const    0x20074c44    0x44  main.o [1]
  .rodata             const    0x20074c88    0x44  main.o [1]
  .rodata             const    0x20074ccc    0x44  main.o [1]
  .rodata             const    0x20074d10    0x44  main.o [1]
  .rodata             const    0x20074d54    0x44  main.o [1]
  .rodata             const    0x20074d98    0x44  main.o [1]
  .rodata             const    0x20074ddc    0x44  main.o [1]
  .rodata             const    0x20074e20    0x44  main.o [1]
  .rodata             const    0x20074e64    0x44  main.o [1]
  .rodata             const    0x20074ea8    0x44  main.o [1]
  .rodata             const    0x20074eec    0x44  main.o [1]
  .rodata             const    0x20074f30    0x44  main.o [1]
  .rodata             const    0x20074f74    0x44  main.o [1]
  .rodata             const    0x20074fb8    0x44  main.o [1]
  .rodata             const    0x20074ffc    0x44  main.o [1]
  .rodata             const    0x20075040    0x44  main.o [1]
  .rodata             const    0x20075084    0x44  main.o [1]
  .rodata             const    0x200750c8    0x44  main.o [1]
  .rodata             const    0x2007510c    0x44  main.o [1]
  .rodata             const    0x20075150    0x44  main.o [1]
  .rodata             const    0x20075194    0x44  main.o [1]
  .rodata             const    0x200751d8    0x44  main.o [1]
  .rodata             const    0x2007521c    0x44  main.o [1]
  .rodata             const    0x20075260    0x44  main.o [1]
  .rodata             const    0x200752a4    0x44  main.o [1]
  .rodata             const    0x200752e8    0x44  main.o [1]
  .rodata             const    0x2007532c    0x44  main.o [1]
  .rodata             const    0x20075370    0x44  main.o [1]
  .rodata             const    0x200753b4    0x44  main.o [1]
  .rodata             const    0x200753f8    0x44  main.o [1]
  .rodata             const    0x2007543c    0x44  main.o [1]
  .rodata             const    0x20075480    0x44  main.o [1]
  .rodata             const    0x200754c4    0x44  main.o [1]
  .rodata             const    0x20075508    0x44  main.o [1]
  .rodata             const    0x2007554c    0x44  main.o [1]
  .rodata             const    0x20075590    0x44  main.o [1]
  .rodata             const    0x200755d4    0x40  main.o [1]
  .text               ro code  0x20075614    0x40  zero_init3.o [5]
  .text               ro code  0x20075654    0x34  startup_sam3x.o [1]
  .text               ro code  0x20075688     0xc  cstartup.o [1]
  .text               ro code  0x20075694    0x1a  cmain.o [5]
  .text               ro code  0x200756b0    0x28  data_init.o [5]
  .text               ro code  0x200756d8     0x4  exit.o [3]
  .text               ro code  0x200756dc     0xa  cexit.o [5]
  .text               ro code  0x200756e8    0x14  exit.o [6]
  .text               ro code  0x200756fc    0x2c  copy_init3.o [5]
  .iar.init_table     const    0x20075728    0x24  - Linker created -
  .rodata             const    0x2007574c    0x10  main.o [1]
  .rodata             const    0x2007575c     0xc  main.o [1]
  .rodata             const    0x20075768     0xc  main.o [1]
  .rodata             const    0x20075774     0xc  main.o [1]
  .rodata             const    0x20075780     0xc  main.o [1]
  .rodata             const    0x2007578c     0xc  main.o [1]
  .rodata             const    0x20075798     0xc  main.o [1]
  .rodata             const    0x200757a4     0x4  main.o [1]
  .rodata             const    0x200757a8     0x4  main.o [1]
  .rodata             const    0x200757ac     0x4  main.o [1]
  .rodata             const    0x200757b0     0x4  main.o [1]
  .rodata             const    0x200757b4     0x0  zero_init3.o [5]
  .rodata             const    0x200757b4     0x0  copy_init3.o [5]
                             - 0x200757b4  0x56c0

"P1-P2", part 2 of 4:                      0x1000
  CSTACK                       0x200757b8  0x1000  <Block>
    CSTACK            uninit   0x200757b8  0x1000  <Block tail>
                             - 0x200767b8  0x1000

"P1-P2", part 3 of 4:                       0x420
  P1-P2 s0                     0x200767b8   0x210  <Init block>
    .data             inited   0x200767b8   0x17c  main.o [1]
    __DLIB_PERTHREAD  inited   0x20076934    0x8c  rand.o [3]
    .data             inited   0x200769c0     0x4  main.o [1]
    .data             inited   0x200769c4     0x4  system_sam3x.o [1]
  Initializer bytes   const    0x200769c8   0x210  <for P1-P2 s0>
                             - 0x20076bd8   0x420

"P1-P2", part 4 of 4:                      0x7c74
  .bss                zero     0x20076bd8  0x4f18  main.o [1]
  .bss                zero     0x2007baf0  0x1e00  main.o [1]
  .bss                zero     0x2007d8f0   0xb4c  main.o [1]
  .bss                zero     0x2007e43c     0x4  main.o [1]
  .bss                zero     0x2007e440   0x400  main.o [1]
  .bss                zero     0x2007e840     0x4  main.o [1]
  .bss                zero     0x2007e844     0x4  main.o [1]
  .bss                zero     0x2007e848     0x2  main.o [1]
                             - 0x2007e84a  0x7c72


*******************************************************************************
*** INIT TABLE
***

          Address     Size
          -------     ----
Zero (__iar_zero_init3)
    1 destination range, total size 0x7c72:
          0x20076bd8  0x7c72

Copy (__iar_copy_init3)
    1 source range, total size 0x210:
          0x200769c8   0x210
    1 destination range, total size 0x210:
          0x200767b8   0x210



*******************************************************************************
*** MODULE SUMMARY
***

    Module                 ro code  ro data  rw data
    ------                 -------  -------  -------
D:\GitHub2\DS1\Lab 3\Debug\Obj: [1]
    cstartup.o                  12
    exceptions.o                 2
    main.o                   6 554    7 716   32 242
    startup_sam3x.o             52      244
    system_sam3x.o             184        4        4
    ------------------------------------------------
    Total:                   6 804    7 964   32 246

command line: [2]
    ------------------------------------------------
    Total:

dl7M_tln.a: [3]
    div.o                       14
    exit.o                       4
    rand.o                     224      140      140
    sprintf.o                   52
    xprintffull.o            3 538
    xsprout.o                   10
    xtls.o                       2
    ------------------------------------------------
    Total:                   3 844      140      140

m7M_tl.a: [4]
    DblAdd.o                   232
    DblCmpGe.o                  46
    DblCmpLe.o                  46
    DblDiv.o                   598
    DblMul.o                   418
    DblSub.o                   384
    DblToI32.o                  88
    FltAdd.o                   132
    FltCmpGe.o                  36
    FltDiv.o                   252
    FltMul.o                   216
    FltSub.o                   230
    FltToDbl.o                  78
    FltToS32.o                  68
    I32ToDbl.o                  48
    I32ToFlt.o                  46
    xdnorm.o                    68
    xdscale.o                  268
    ------------------------------------------------
    Total:                   3 254

rt7M_tl.a: [5]
    ABImemcpy_unaligned.o      118
    ABImemset.o                102
    I64DivMod.o                238
    I64DivZer.o                  2
    I64Shl.o                    34
    U64Shr.o                    30
    cexit.o                     10
    cmain.o                     26
    copy_init3.o                44
    data_init.o                 40
    memchr.o                    88
    strchr.o                    22
    strlen.o                    54
    zero_init3.o                64
    ------------------------------------------------
    Total:                     872

shb_l.a: [6]
    clock.o                     10
    exit.o                      20
    ------------------------------------------------
    Total:                      30

    Gaps                        34        2
    Linker created                       36    4 096
----------------------------------------------------
    Grand Total:            14 838    8 142   36 482


*******************************************************************************
*** ENTRY LIST
***

Entry                      Address    Size  Type      Object
-----                      -------    ----  ----      ------
.iar.init_table$$Base   0x20075728           --   Gb  - Linker created -
.iar.init_table$$Limit  0x2007574c           --   Gb  - Linker created -
.intvec$$Base           0x20070000           --   Gb  - Linker created -
.intvec$$Limit          0x200700f4           --   Gb  - Linker created -
?main                   0x20075695          Code  Gb  cmain.o [5]
ADC_Handler             0x20071b7f     0x2  Code  Wk  exceptions.o [1]
BusFault_Handler        0x20071b7f     0x2  Code  Wk  exceptions.o [1]
CAN0_Handler            0x20071b7f     0x2  Code  Wk  exceptions.o [1]
CAN1_Handler            0x20071b7f     0x2  Code  Wk  exceptions.o [1]
CSTACK$$Base            0x200757b8           --   Gb  - Linker created -
CSTACK$$Limit           0x200767b8           --   Gb  - Linker created -
DACC_Handler            0x20071b7f     0x2  Code  Wk  exceptions.o [1]
DMAC_Handler            0x20071b7f     0x2  Code  Wk  exceptions.o [1]
DebugMon_Handler        0x20071b7f     0x2  Code  Wk  exceptions.o [1]
Dummy_Handler           0x20071b7f     0x2  Code  Gb  exceptions.o [1]
EFC0_Handler            0x20071b7f     0x2  Code  Wk  exceptions.o [1]
EFC1_Handler            0x20071b7f     0x2  Code  Wk  exceptions.o [1]
HSMCI_Handler           0x20071b7f     0x2  Code  Wk  exceptions.o [1]
HardFault_Handler       0x20071b7f     0x2  Code  Wk  exceptions.o [1]
LoadInt                 0x20072b8b    0x6e  Code  Lc  xprintffull.o [3]
MemManage_Handler       0x20071b7f     0x2  Code  Wk  exceptions.o [1]
NMI_Handler             0x20071b7f     0x2  Code  Wk  exceptions.o [1]
NVIC_ClearPendingIRQ    0x2007010b    0x16  Code  Lc  main.o [1]
NVIC_EnableIRQ          0x200700f5    0x16  Code  Lc  main.o [1]
NVIC_SetPriority        0x20070121    0x26  Code  Lc  main.o [1]
PIOA_Handler            0x20071b7f     0x2  Code  Wk  exceptions.o [1]
PIOB_Handler            0x20071b7f     0x2  Code  Wk  exceptions.o [1]
PIOC_Handler            0x20071b7f     0x2  Code  Wk  exceptions.o [1]
PIOD_Handler            0x20071b7f     0x2  Code  Wk  exceptions.o [1]
PMC_Handler             0x20071b7f     0x2  Code  Wk  exceptions.o [1]
PWM_Handler             0x20071b7f     0x2  Code  Wk  exceptions.o [1]
PendSV_Handler          0x20071b7f     0x2  Code  Wk  exceptions.o [1]
RSTC_Handler            0x20071b7f     0x2  Code  Wk  exceptions.o [1]
RTC_Handler             0x20071b7f     0x2  Code  Wk  exceptions.o [1]
RTT_Handler             0x20071b7f     0x2  Code  Wk  exceptions.o [1]
Region$$Table$$Base     0x20075728           --   Gb  - Linker created -
Region$$Table$$Limit    0x2007574c           --   Gb  - Linker created -
Reset_Handler           0x20075681     0x8  Code  Gb  startup_sam3x.o [1]
SPI0_Handler            0x20071b7f     0x2  Code  Wk  exceptions.o [1]
SSC_Handler             0x20071b7f     0x2  Code  Wk  exceptions.o [1]
SUPC_Handler            0x20071b7f     0x2  Code  Wk  exceptions.o [1]
SVC_Handler             0x20071b7f     0x2  Code  Wk  exceptions.o [1]
SysTick_Config          0x20070147    0x36  Code  Lc  main.o [1]
SysTick_Handler         0x2007058f    0x1e  Code  Gb  main.o [1]
SystemCoreClock         0x200769c4     0x4  Data  Gb  system_sam3x.o [1]
SystemInit              0x200723a9    0x86  Code  Gb  system_sam3x.o [1]
TC0_Handler             0x20071b7f     0x2  Code  Wk  exceptions.o [1]
TC1_Handler             0x20071b7f     0x2  Code  Wk  exceptions.o [1]
TC2_Handler             0x20071b7f     0x2  Code  Wk  exceptions.o [1]
TC3_Handler             0x20071b7f     0x2  Code  Wk  exceptions.o [1]
TC4_Handler             0x20071b7f     0x2  Code  Wk  exceptions.o [1]
TC5_Handler             0x20071b7f     0x2  Code  Wk  exceptions.o [1]
TRNG_Handler            0x20071b7f     0x2  Code  Wk  exceptions.o [1]
TWI0_Handler            0x20071b7f     0x2  Code  Wk  exceptions.o [1]
TWI1_Handler            0x20071b7f     0x2  Code  Wk  exceptions.o [1]
UART_Handler            0x20071b7f     0x2  Code  Wk  exceptions.o [1]
UOTGHS_Handler          0x20071b7f     0x2  Code  Wk  exceptions.o [1]
USART0_Handler          0x20071b7f     0x2  Code  Wk  exceptions.o [1]
USART1_Handler          0x20071b7f     0x2  Code  Wk  exceptions.o [1]
USART2_Handler          0x20071b7f     0x2  Code  Wk  exceptions.o [1]
UsageFault_Handler      0x20071b7f     0x2  Code  Wk  exceptions.o [1]
WDT_Handler             0x20071b7f     0x2  Code  Wk  exceptions.o [1]
_GenldFull              0x20073105   0x26a  Code  Lc  xprintffull.o [3]
_LdtobFull              0x20072d05   0x3fa  Code  Lc  xprintffull.o [3]
_LitobFull              0x20072bf9   0x10a  Code  Lc  xprintffull.o [3]
_PrintfFull             0x200725e5   0x5a0  Code  Gb  xprintffull.o [3]
_PutcharsFull           0x2007336f    0x2e  Code  Lc  xprintffull.o [3]
_Rand_idx               0x2007693c     0x4  Data  Lc  rand.o [3]
_Rand_rv                0x20076940    0x80  Data  Lc  rand.o [3]
_Randinit               0x20076934     0x1  Data  Gb  rand.o [3]
_Randseed               0x20076938     0x4  Data  Gb  rand.o [3]
_SProut                 0x20071a8f     0xa  Code  Gb  xsprout.o [3]
__aeabi_cdcmple         0x200735d5          Code  Gb  DblCmpLe.o [4]
__aeabi_cdrcmple        0x20073605          Code  Gb  DblCmpGe.o [4]
__aeabi_cfrcmple        0x20071cdd          Code  Gb  FltCmpGe.o [4]
__aeabi_d2iz            0x2007214d          Code  Gb  DblToI32.o [4]
__aeabi_d2uiz           0x20072179          Code  Gb  DblToI32.o [4]
__aeabi_dadd            0x20071ec1          Code  Gb  DblAdd.o [4]
__aeabi_ddiv            0x20073771          Code  Gb  DblDiv.o [4]
__aeabi_dmul            0x20071fa9          Code  Gb  DblMul.o [4]
__aeabi_dsub            0x20072461          Code  Gb  DblSub.o [4]
__aeabi_f2d             0x20071e71          Code  Gb  FltToDbl.o [4]
__aeabi_f2iz            0x20071d01          Code  Gb  FltToS32.o [4]
__aeabi_fadd            0x20071c59          Code  Gb  FltAdd.o [4]
__aeabi_fdiv            0x20071d75          Code  Gb  FltDiv.o [4]
__aeabi_fmul            0x20071b81          Code  Gb  FltMul.o [4]
__aeabi_fsub            0x20071a99          Code  Gb  FltSub.o [4]
__aeabi_i2d             0x20073741          Code  Gb  I32ToDbl.o [4]
__aeabi_i2f             0x20071d45          Code  Gb  I32ToFlt.o [4]
__aeabi_ldiv0           0x200739d5          Code  Gb  I64DivZer.o [5]
__aeabi_llsl            0x2007220d          Code  Gb  I64Shl.o [5]
__aeabi_llsr            0x20072231          Code  Gb  U64Shr.o [5]
__aeabi_memset          0x200721a5          Code  Gb  ABImemset.o [5]
__aeabi_ui2d            0x20073755          Code  Gb  I32ToDbl.o [4]
__aeabi_uldivmod        0x20073429          Code  Gb  I64DivMod.o [5]
__cfb                   0x2007e844     0x4  Data  Gb  main.o [1]
__cmain                 0x20075695          Code  Gb  cmain.o [5]
__current_temp          0x2007e840     0x4  Data  Lc  main.o [1]
__current_temp_compressed
                        0x2007e848     0x2  Data  Lc  main.o [1]
__exit                  0x200756e9    0x14  Code  Gb  exit.o [6]
__framebuffer           0x2007baf0  0x1e00  Data  Gb  main.o [1]
__iar_Dnorm             0x2007358f    0x44  Code  Gb  xdnorm.o [4]
__iar_Dscale            0x20073635   0x10c  Code  Gb  xdscale.o [4]
__iar_Memchr            0x200733d1          Code  Gb  memchr.o [5]
__iar_Memset            0x200721a5          Code  Gb  ABImemset.o [5]
__iar_Memset_word       0x200721ad          Code  Gb  ABImemset.o [5]
__iar_Strchr            0x200733b9          Code  Gb  strchr.o [5]
__iar_copy_init3        0x200756fd    0x2c  Code  Gb  copy_init3.o [5]
__iar_d2uiz             0x20072185          Code  Gb  DblToI32.o [4]
__iar_dadd              0x20071ed5          Code  Gb  DblAdd.o [4]
__iar_data_init3        0x200756b1    0x28  Code  Gb  data_init.o [5]
__iar_dlib_perthread_access
                        0x200725e1     0x2  Code  Gb  xtls.o [3]
__iar_dsub              0x20072475          Code  Gb  DblSub.o [4]
__iar_dsubStart         0x20072487          Code  Gb  DblSub.o [4]
__iar_fadd              0x20071c69          Code  Gb  FltAdd.o [4]
__iar_fsub              0x20071aa9          Code  Gb  FltSub.o [4]
__iar_fsubStart         0x20071ab9          Code  Gb  FltSub.o [4]
__iar_program_start     0x20075689          Code  Gb  cstartup.o [1]
__iar_ui2d              0x20073759          Code  Gb  I32ToDbl.o [4]
__iar_ui2f              0x20071d59          Code  Gb  I32ToFlt.o [4]
__iar_unaligned___aeabi_memcpy
                        0x20073519          Code  Gb  ABImemcpy_unaligned.o [5]
__iar_unaligned___aeabi_memcpy4
                        0x20073539          Code  Gb  ABImemcpy_unaligned.o [5]
__iar_unaligned___aeabi_memcpy8
                        0x20073539          Code  Gb  ABImemcpy_unaligned.o [5]
__iar_zero_init3        0x20075615    0x40  Code  Gb  zero_init3.o [5]
__low_level_init        0x20075655    0x24  Code  Gb  startup_sam3x.o [1]
__readRow               0x2007060f     0xc  Code  Lc  main.o [1]
__setColunm             0x2007061b    0x1a  Code  Lc  main.o [1]
__set_current_temp      0x20070a3d    0x2e  Code  Lc  main.o [1]
__systick_counter       0x2007e43c     0x4  Data  Gb  main.o [1]
__temp_start_time       0x200769c0     0x4  Data  Lc  main.o [1]
__vector_table          0x20070000    0xf4  Data  Gb  startup_sam3x.o [1]
_call_main              0x200756a1          Code  Gb  cmain.o [5]
_exit                   0x200756dd          Code  Gb  cexit.o [5]
_main                   0x200756ab          Code  Gb  cmain.o [5]
ascii_temp              0x200767b8   0x17c  Data  Gb  main.o [1]
bitascii                0x2007e440   0x400  Data  Lc  main.o [1]
cfloor                  0x200701ff    0x22  Code  Lc  main.o [1]
clock                   0x20072369     0xa  Code  Gb  clock.o [6]
delay                   0x200705c9     0xe  Code  Lc  main.o [1]
display_clear           0x200708e3     0xc  Code  Lc  main.o [1]
display_pixel_clear     0x200708af    0x34  Code  Lc  main.o [1]
display_read_status     0x200706ad    0x78  Code  Lc  main.o [1]
display_set_cursor      0x2007083d    0x22  Code  Lc  main.o [1]
display_set_pixel_cursor
                        0x2007085f    0x24  Code  Lc  main.o [1]
display_text_clear      0x20070883    0x2c  Code  Lc  main.o [1]
display_write_command   0x20070725    0x8c  Code  Lc  main.o [1]
display_write_data      0x200707b1    0x8c  Code  Lc  main.o [1]
div                     0x200739c7     0xe  Code  Gb  div.o [3]
elapsedTime             0x20071385     0xe  Code  Lc  main.o [1]
exit                    0x200756d9     0x4  Code  Gb  exit.o [3]
framebufferClear        0x20070f8d    0x38  Code  Lc  main.o [1]
framebufferClearPixel   0x20070bad    0x5e  Code  Lc  main.o [1]
framebufferClearSnake   0x20070d25   0x10e  Code  Lc  main.o [1]
framebufferDisplay      0x20070fd9    0xbc  Code  Lc  main.o [1]
framebufferDrawApple    0x20070e45   0x10e  Code  Lc  main.o [1]
framebufferDrawRect     0x20070f61    0x2c  Code  Lc  main.o [1]
framebufferDrawSnake    0x20070c0b   0x10e  Code  Lc  main.o [1]
framebufferSetPixel     0x20070b51    0x5c  Code  Lc  main.o [1]
initBitmaps             0x20071099    0x6a  Code  Lc  main.o [1]
initDisplay             0x200708ef    0x92  Code  Gb  main.o [1]
initKeypad              0x200705d7    0x38  Code  Lc  main.o [1]
initLightSensor         0x20070b2d    0x24  Code  Lc  main.o [1]
initServo               0x20070ae3    0x4a  Code  Lc  main.o [1]
initSnakeState          0x2007130f    0x76  Code  Lc  main.o [1]
initSystick             0x200705ad    0x14  Code  Lc  main.o [1]
initTemp                0x20070981    0x5a  Code  Lc  main.o [1]
keypadRead              0x20070635    0x78  Code  Lc  main.o [1]
main                    0x20071a61    0x2e  Code  Gb  main.o [1]
mainMenu                0x200718a5   0x178  Code  Lc  main.o [1]
memchr                  0x200733d1          Code  Gb  memchr.o [5]
menu                    0x2007574c    0x10  Data  Lc  main.o [1]
menuSize                0x200757b0     0x4  Data  Lc  main.o [1]
perlinNoise             0x20070221   0x36e  Code  Lc  main.o [1]
perlinNoise::x_wrap     0x200757a4     0x4  Data  Lc  main.o [1]
perlinNoise::y_wrap     0x200757a8     0x4  Data  Lc  main.o [1]
perlinNoise::z_wrap     0x200757ac     0x4  Data  Lc  main.o [1]
rand                    0x20072289    0xe0  Code  Gb  rand.o [3]
randomTempArray         0x20071825    0x42  Code  Lc  main.o [1]
renderAscii             0x20071109    0xe6  Code  Lc  main.o [1]
renderAsciiString       0x20071245    0x52  Code  Lc  main.o [1]
renderStringBox         0x20071297    0x78  Code  Lc  main.o [1]
resetTimer              0x20071393     0xc  Code  Lc  main.o [1]
runSnakeGame            0x2007139f   0x438  Code  Gb  main.o [1]
runSnakeGame::snake     0x2007d8f0   0xb4c  Data  Lc  main.o [1]
servoTurn               0x20070aa9    0x3a  Code  Gb  main.o [1]
sprintf                 0x20072375    0x34  Code  Gb  sprintf.o [3]
stb__perlin_grad        0x20070199    0x66  Code  Lc  main.o [1]
stb__perlin_grad::basis
                        0x20073bd8    0xc0  Data  Lc  main.o [1]
stb__perlin_grad::indices
                        0x200755d4    0x40  Data  Lc  main.o [1]
stb__perlin_lerp        0x2007017d    0x1c  Code  Lc  main.o [1]
stb__perlin_randtab     0x200739d8   0x200  Data  Lc  main.o [1]
strchr                  0x200733b9          Code  Gb  strchr.o [5]
strlen                  0x20072251          Code  Gb  strlen.o [5]
systickGetTime          0x200705c1     0x8  Code  Lc  main.o [1]
temp                    0x20076bd8  0x4f18  Data  Lc  main.o [1]
tempConvert             0x20070a25    0x18  Code  Lc  main.o [1]
tempGetCurrent          0x20070aa1     0x8  Code  Lc  main.o [1]
tempNoise               0x200717e1    0x2c  Code  Lc  main.o [1]
tempReady               0x20070a6b    0x36  Code  Lc  main.o [1]
tempStartMesurment      0x200709db    0x4a  Code  Lc  main.o [1]


[1] = D:\GitHub2\DS1\Lab 3\Debug\Obj
[2] = command line
[3] = dl7M_tln.a
[4] = m7M_tl.a
[5] = rt7M_tl.a
[6] = shb_l.a

  14 838 bytes of readonly  code memory
   8 142 bytes of readonly  data memory
  36 482 bytes of readwrite data memory

Errors: none
Warnings: none
